
[Basic]
NewINIFormat=4
Name=[2] P4 Rashowdown (1vs1) Ladder
MaxPlayer=2
MinPlayer=1
GameMode=standard

[Map]
Theater=TEMPERATE
X=1
Y=32
Width=126
Height=64

[Waypoints]
98=8242
1=8254
0=8254
2=8254
3=8254
4=8257
5=8257
6=8257
7=8257

[MapPack]
1=EAAAIIH//gEB//78AAD/Ah7+AICRAAAggf/sAACEYQBhAP6YAP//ZAAwAFBkgeT/RQAzAY
2=LkADAG/0YANAH3zACC2QDlBgL/oAAwAOcGAsv6Af/wAAgA/0AB+AL/wAA4Af9AAvgC/pQA
3=//9oEMwE/5wAMhn/ZAHQGP9KAJwY8WQb/7IAshf/CAJkG9e6Ff9GALoB/6wAzByBACABEB
4=qBANIzH/9oAJgegJQAACCB/yABgtkAMAjfDQCDYQBh5gcA2SgAgQAgARAagQDSMwD/SAAw
5=ANXfAMsGAP9mAQYAgeTKZwJRAM9oAv/QAJQBEOrXaAHnTgP/tgCsAjDq//oAaAP/AAFiAz
6=A08WYG/8gBnAX+aAD//2QIzAf+yAD//xAL+BDlBh3/oAAwEOcGHf9iAJYQ/nAA//9kADAe
7=/9AAMB6AGwAAIIL///78AACB/wAB/vwAAP8EHf4A/v0A/4H/gBYAACCBAP6AAAD+fgAB/w
8=IPfwD+/g8AgQCAFgAAIIEA/gAQAP5+AAH/Ag//D/5+AACBAIA=

[OverlayPack]
1=TAEAIIH//gAQ/4sFBgYIBggFCAgGBQAHhgYHBwcGBwAJ/lAA/wBfAGCBBwBoggcFAAoAZx
2=Bphgf//wcIBQAKgggIEBWBCACGAASDBQcG/1EAFxAAdYIFBxCFhAgGBgYQgwAPAPkQmf56
3=AP8RAP98AAERgQYQgIEI/noA/4EHAHyBCACE/ngA/4EGAXwRhP54AP+BBREA/1EAlxDoPh
4=AAgBEE/ngA/4EFE4D/fAACEgF8EIT+eAD/E4D/fAABExF8/30AARMmAP56AP+BBwH8gQX/
5=ewCCExbn/1IAlhDo0xX/fwB+FRN8/3wAARUQ/P98AIEYEHwUhP54AP8QfP98AAEUJYD/ew
6=CCFiaA/4AAAhH/gACCGv98AIIbE4D/fwACF/98AAEZEnwWhP54AP8Q/P98AIEXKwD/ewAC
7=HBT8gQb/ewCCHhD8EwT+eAD/A3yASAEAIIP/BgX+egD/hgUI//8GB/56AP8QfIIFBv56AP
8=+BBwB8gQcBBP54AP+BCBEA/3sAggEhAP97AAIAgQgAgBAE/ngA/xJ8gQf/ewCCABH8/3wA
9=gQL/gQD9AwB8gQb/ewACAxV8/3wAAQCBBgGA/30AAQP/fwB+BROAEQT+eAD/EHz/fAABAR
10=cA/3wAAQaBCAH8/4AAgQH/fQCBBv9/AP4EEID/fACBBBH8EgT+eAD/F3z/fAABCBF8/30A
11=gQUA/IEF/3sAggMR/P+AAAEI/3wAgQuBCB0A/38AAgL/fACBDSsA/3wAggwC/IgHCAgHCA
12=UHBgAIhwYFCAcHBgUAD/9SAIEHiAgGBwcFBgYGAAWHBQgGCAcFCABtF4AQEYIGCBADAAmB
13=BxAnAIT/UgABDgDfAGQA3hCIgQUAf4EHAHL/fACBDv6GD/+B/4A=

[General]
BailCount=10
GoldValue=150
GemValue=150
GrowthRate=.02
CrateMinimum=.001
CrateMaximum=.001
CrateRegen=999
WaterCrateChance=100%
SoloCrateMoney=.001

[Road]
Foot=0%
Track=10%
Wheel=60%
Buildable=no

[Base]
Count=0
Player=USSR

[Trigs]
explode=0,12,0,0,13,-1,12,0,-1,0,32,-1,-1,-1,0,-1,-1,-1

[STRUCTURES]
0=Special,V15,256,9266,0,explode,0,0
1=Special,V15,256,9293,0,explode,0,0
2=Special,V15,256,9394,0,explode,0,0
3=Special,V15,256,9421,0,explode,0,0
4=Special,V15,256,9522,0,explode,0,0
5=Special,V15,256,9549,0,explode,0,0
6=Special,V15,256,9650,0,explode,0,0
7=Special,V15,256,9677,0,explode,0,0
8=Special,V15,256,9778,0,explode,0,0
9=Special,V15,256,9805,0,explode,0,0
10=Special,V15,256,9906,0,explode,0,0
11=Special,V15,256,9933,0,explode,0,0
12=Special,V15,256,10034,0,explode,0,0
13=Special,V15,256,10061,0,explode,0,0
14=Special,V15,256,10162,0,explode,0,0
15=Special,V15,256,10189,0,explode,0,0
16=Special,V15,256,10290,0,explode,0,0
17=Special,V15,256,10317,0,explode,0,0
18=Special,V15,256,10418,0,explode,0,0
19=Special,V15,256,10445,0,explode,0,0
20=Special,V15,256,10546,0,explode,0,0
21=Special,V15,256,10573,0,explode,0,0
22=Special,V15,256,10674,0,explode,0,0
23=Special,V15,256,10701,0,explode,0,0
24=Special,V15,256,10802,0,explode,0,0
25=Special,V15,256,10829,0,explode,0,0
26=Special,V15,256,10930,0,explode,0,0
27=Special,V15,256,10957,0,explode,0,0
28=Special,V15,256,11058,0,explode,0,0
29=Special,V15,256,11085,0,explode,0,0
30=Special,V15,256,11186,0,explode,0,0
31=Special,V15,256,11213,0,explode,0,0
32=Special,V15,256,11314,0,explode,0,0
33=Special,V15,256,11341,0,explode,0,0
34=Special,V15,256,11442,0,explode,0,0
35=Special,V15,256,11469,0,explode,0,0
36=Special,V15,256,11570,0,explode,0,0
37=Special,V15,256,11597,0,explode,0,0
38=Special,V15,256,11698,0,explode,0,0
39=Special,V15,256,11725,0,explode,0,0
40=Special,V15,256,11826,0,explode,0,0
41=Special,V15,256,11853,0,explode,0,0
42=Special,V15,256,11954,0,explode,0,0
43=Special,V15,256,11981,0,explode,0,0
44=Special,V15,256,12082,0,explode,0,0
45=Special,V15,256,12109,0,explode,0,0
46=Special,V15,256,12210,0,explode,0,0
47=Special,V15,256,12237,0,explode,0,0
