
[Basic]
NewINIFormat=4
Name=[2] V3 Katsh Simulator TEST
UseCustomTutorialText=yes
GameMode=standard
IsCoopMode=yes
Percent=0
HomeCell=98
InitTime=10000
Official=no
MaxPlayer=2
MinPlayer=1
ToCarryOver=no
ToInherit=no
TimerInherit=no
EndOfGame=no
CivEvac=no
Theme=No theme
CarryOverMoney=0
CarryOverCap=0
NoSpyPlane=no
SkipScore=no
OneTimeOnly=no
SkipMapSelect=no
TruckCrate=no
FillSilos=no
Percent=0
Player=USSR

[Tutorial]
0=You win!
1=RAM-Katsh: You lose! Was painting nails same time :)
2=Destroy all enemy Wars/Barrs/CYs before the time runs out!
3=RAM-Katsh: hoho
4=RAM-Katsh: hoho

[Map]
Theater=DESERT
X=1
Y=1
Width=126
Height=126

[Map]
Theater=TEMPERATE
X=1
Y=22
Width=126
Height=74

[Waypoints]
[Waypoints]
0=2316
18=2557
23=5966
22=6056
21=6683
98=7093
24=7146
14=7354
16=7576
20=7684
10=7738
2=7818
5=7925
4=7930
6=7932
17=8090
11=8122
1=8325
3=8330
7=8442
12=8506
15=8600
13=8890

[MapPack]
[MapPack]
1=MQAAIIH//gEB//78AAD/BBT+AIJhAM0CFv7qAAD/CgH+FcP8AP/6AQ4X/wACCBb/+AMIG4
2=ARAQAggf/+ewD/gmEAEAL++gD//7wKfAAwvOU8DO9mC/9EADgM/loA/+uYDNXCDN1iDf+Y
3=AJoM68AN1zQO22QO/0IAOg7+VgD/78IO1TIP2WYP/0QAOA/+VAD/88QP0zAQ12gQ/0YANh
4=D+UgD/98YQ0S4R1WoR/0gANBH+UgD/+coRz8gR02wS/0oAMhL+UgD/+84SzcoS0W4T/0IA
5=MBP+XAD//c4Ty4oTz3AU/dAT/6AAzhPLhhTNchX/QgDQFP+iAM4U2ZQN/kIA//+kAM4V1X
6=AW/kQA//+mAM4W0XIX/kYA///+AH4K/mID/+HOGP9WANAY41Id/4IAzhf/VgDME+VQHv+A
7=AM4d/1YAvg3nTh/vVB+AIgEAIIH/6gAAhGEAYQDfEADdMADvcwDlUAD/VABSAO3CAP9WAN
8=AA41IB/2AAzgD+AAT//6AAzgH/hADOAOeCAMl6B/5GAP//eADOBoEAykYI71YH/0wALgf+
9=XAD//0QALgjTdAj/RgDOCP+iAM4I13IJ/0QAzgn/oADOCcuGCs9wC/3QCv+eAM4KzYgL0W
10=4M+dAL/1YAUADhwAzhRgzPigzTbA310Az/TgCAB+u0Dd9GDdEuDtVqDvHQDf9kAMoN98QO
11=0zAP12gP/0YANg/+VgD/78YP1TIQ2WYQ/0QAOBD+WAD/68QQ1zQR22QR/0IAOhH+WgD/23
12=AK5XoK3WIS/TwS/lwA//9EAJoS32AT/5gAoBL+RgD//7wAwBP+RAD//4QKfBSAGwAAIIL/
13=//78AACB/wAB/vwAAP8EHf4A/v0A/4H/gBYAACCBAP6AAAD+fgAB/wIKfwD+/hQAgQCAFg
14=AAIIEA/gAQAP5+AAH/Ag//D/5+AACBAIA=

[OverlayPack]
1=uQIAIIH//qYB/4EJ/n4A/4EJ/2sApwHQJwL/bAAmAtCkAv9tAKUCzyID/28AJAPMkAL/cQ
2=CjA8sSBP90ABIDyLME0LIEYBP/WQCzBHBZ0h8FUBUQCtG+Bf5BAP9gQtHRBQATzh0G0pIC
3=yc8FyxQE5PQF0tEFIBXdNQbOzwXxZgbT0QUgFc6TA83IBtsEBOFzA9TQBUAW2DYH0pgH62
4=YHACLV0QXTlAbbFAXw4wfW0QXTMwXalAXz4gfcfQPLzwjIxQjh/gP39AfURQn/UgBFCdSU
5=CFMazBgK/1MAxQnWnAVAfNU4CuBPCuRzCtGfBNRGCN5FCPLmCtszBtatC9eaB+bKBdQUBt
6=U4C99EB8pXBuZzC9kpDMqeDNHFBtfYBulzDMm4DNg2CNOCCNRoDOrzDNUtCcseDd55A+tn
7=DdKUDc+cC9NdBtOHC/foDdZyDt47DsjWDPlnDuzyBNLIBd/FC/9HAAkP+X8O/4oAjA//UQ
8=B4Af9eAGcQ/0cAdA7+WgD/1TcK/mgA/9jYBv5zAP//AAF0Ev4bAf//SADMBfbZFP58AP/K
9=IA3/gQD0ENKwCv5dAP/PZhI7Nv9oABwE0+YRMBbKnBb/WACeFtGfDGGGyDEG0LUX/0YAuR
10=fQWw8wdxADy60IzUUMcrf6SBjOuw5NOTCJ1a4YydwOy1oNyw0Y4ewLzF8NYoPaKhnTQwrE
11=lAfQ3g7gdRnNYA7YqhnLNRrPSRrQ3w7a0xjNqRdgzMmPCs06GtCiDc3KGsgQGe94GswXG8
12=tFD9xiGs5dGtv4GcoVGs2aGcsTGsWRCXHn0lIbzJMZ2MUOx+cL0FkO0h4XzDIc0m0ay7QF
13=3ccOyggczGcPy+UaykYb18wbcMX8KRfORxnPDhnSFQ3Jmhj/XwAqF9kWDsijF/5ZAP/QOR
14=nOGRz/bgCmAuI7Dv72AP+B/4CaAgAggf/+jwH/gQn+fwD/zJABAA+BCRAB/mkA/8slAhAO
15=IBH/agAiAsuRAteEAsoYAzCk/kUA/8lLA80rA89LA8o/A/9FAKkCyM4Dzp0D260Dy6QC9c
16=4DyCwEzVkE3CwDzQ4E9FkEYDffHQTavQTTKQXn8ATKWwXVywPWPwVjOu7YBM7GBdmnAte/
17=BWDCcQnMJAbbJwbJzgXYJQZQZNFIBmAFcKZAL9pGA82TBtneBRDdyKQGcCZwaGB2yRkG3v
18=cGznsH0ycHzVIEzMYHQIDNEgcwTNenBtqpBPiyB3Gn2fcHyGEH/1AAHghBqzKT2nsI5H0B
19=278IcUrLkwcwYdj7CNKXCN0rCTDfyL8JcmfMdQcxYdd7CeaWCdA+CXOSyGUHzmYI2+AFzh
20=kH1qQG1lIEYUQh6tJmCv9LAHYB0MYKcYlwC2KA1JQI/0wAVwHIRgT+YgD/2eML/4AAkAH+
21=LwP//4EAkAH/awAlAtSACf99AAkQyWIG/nQA/8jsBsuUEf9nAJEQyHELzhwS/2kA4gswa8
22=skEsz1CtmjCv9CANUPyBMIUQjI8AbL0wjMYQv/SQBSE3D4yOcJ0bATy5kSyRYT3HQK2xcJ
23=yOUG3KYT1zwJyeYIxR8C15IE0iwUycAUyi4Tzh0V0y0Uzo8FyBkT4v4UejXJfBVygM1TFN
24=hTFcsMEdkqCsvcFUBn028G1EIHyCoVykYEyEQU2/4EzPAGzHwVyREWyEUWcKfIdwjNxgbJ
25=mhbdgRbVjgfLTgfQUQTY2hYxg9qpCtEJBNkEBdJIF81HF8rGFuMbEfigF8iREc8KBvDPE9
26=srGM/2FtBFFtBZC/9HAIEYZjjOLxdC9cm8FfOpEt6eA8c9B956Gf9XAK4S5vcZ/68DYgz+
27=2QH/gf+A

[OverlayPack]
1=6AQAIIH//gkL//51ABD/ggT/CoEKEAGHDAn/DAwKCRAIhgoLCwsKCwAKABAADoQMCwkMAA
2=SDCf8JEBkQG4X/CwsMCQAJggwMABYAQIILDAA7AASDCQv/ADIAAYULDAr/CQA/ggoKIDgA
3=EYEKACEAPwATgf8ALhADAHeBCxBaQICCCQoAgAAuECEAKIEMABwAB4ELEEgAHIEJABCC/w
4=sQCgAYABQAWAAIIF6D//8MALYQXAAIAEQAGQAoELgAxAAkAIAQnwDiMBwQoxAbEE8AzECA
5=ENYAFxECAIAAbwAlAAQADhCbAGEg0gA7AEgAZhB8AC4A6RCAAGgQGQDngf8AEhEbACQgro
6=EKECIQWBDDAAeBCwDfAAwBDwDPEQgAM0EAgQwAeBAvEWgQzwA9AOAAdhA3gQkBjYH/AKQg
7=VQBSAFEACgBnAD8RMACWQQAQ9AAngQkAgAAMAGAg0AAREGwAEoELEWcQaQBZEOFQgCAoEC
8=QhXiHSACERpwBlEDgQ3BA5AEwR0gDPAAQAcgCAAV4iPBFdQGeBDAFnEU4AAxDpEJwiUABR
9=IgoQFxA1AFcQYhApAJkQfxEZILEAfhEnACMQ3RIAEEkAGxFSMqEAkiIAEh8RpAAkEBggOA
10=CdEEUggBEsICAAQRLnEJERKyH3ESAgPCGgEBkAOxF+McgQDiIzAKgRugD7EdwwFRE/AKIQ
11=XxD4ACQAqgBMIaQSIxJhEB4AbBAMAL8RmSBFIUEjABMHAEohRxDoEScQCyCfEOczMRMSEY
12=AAUiApEXQhABBnEmAydgBrAJwzgCI4EUki7BOxAD0QISCAEVgDQREYIjIRdxEIIOcUExHg
13=IMUhOQDFILJTZhFAIwAQsCDVAjwgpTCuIsYUFBFwETMQjwGZEW4RoSQUEQAikRF4ED4TCC
14=FNIYMQUiSBEEgQKBIlVDJAgDGqELYxJBDvEecSXxRhI8gQDxEwIb0kORJZAAPd6goj8xSL
15=EEg09xCqEH0TdyCAIX5DpFE4MAcQ4SB+ExgQeRFfEKIiZxAUAEAScBCoES8A6CAfEB4T7i
16=J2ENtD3BMB2QQVETcigCJDAFkVItviFRCpAHsR1iXSEYUAtCGM0xwWEI8SCgC3IgBF2xDN
17=0x4WI1MkSSOPE68S5yTvEyAhGRMwAHc0uhQS17EVIToRahByJFsTY9UbFhSjYtIQgBIuAL
18=clZBCAFHchmRGLIrARRNnfFSCrMr8QSTZs2RoXMNIW0UaOE2cwgCKwEjISASTyJK/ZsRUQ
19=tRB/ED8W4DTS2uUVJ1Uj0RU3AbkR7TcANMATvBNrIIghmdoZGCOXIz8njCIK25oXJtQSXy
20=GuIucX7xYJJDISchFGEhDf/RQUBQCoIl4SWd+XGCcyFT0lohKVEZYSQBCbJGAQiTS63UcY
21=IXgZLiHcIIjdSBkR3ybHEvoXZxKRFoAw+SeAEKEXXSHZ3kkZM6ITUeHmChXlFz1GKyVkEj
22=YhiBH4EQAX3hYs4UUZEao3gOLlChV2aWcWoSfb+s0KID/WShbOpRYTBRMKFo0igDpB/qYB
23=/+D8FHQb0P4agQL7ahwWEeIWGhPRF7n/TQDYHCS74xMaJhgWFP9LAFkdJjQ9sd9JGi2BE2
24=b/SgDaHStwGtPfLR4+rDwy/kgA/xpILuoWK98ZGCeVO9z+RgD/Jp8wid3FGGc7GGbifh+A
25=vwQAIIH/3wAAhQwKDAsKAAiFCwwJCgncBQCECQkLDEArgQv+SQD/gwkJCgBOgwsLDN0uAI
26=f/DAwLCwsJICuBDBCI/kYA/4EKAIEAVwEG3toAACaCDAkAfYEKza0AgQL56ACDCwsKAYQB
27=Bt8CAAEkgQkBBM4tAfpoAYL/CRD+gQzfrQEQgTB/za4A++gBEVnmWgAArc+qAv1oAv5BAv
28=8EEgSdE6GCDAoFTwPQAAgDpoMJCQkUMoH/AzQUtwK+ACriqgIALyUd3a4AVUUFnYQJ/woL
29=AAkESQA9BFAD0gANABSBDAARFTuCCv8AhuPYABPpIIYFceMAABQWgQkAXRTJAAQVKxOuAI
30=AAEQW7JTYAmQCp4McFAC0QJwDQ3q0AIIAAWQExgQsANhakAP8ABwDBAMcACYEMAIiBCwGQ
31=AIg2bt9JBgE2IQAxt98aBgB+AHAA6wECgQwCDxBAEIAlLhCAAAYBgAH9ARrdxQYANBJCId
32=gAMCGK2wgBAagQeBEFAIIRZxARABoShwBwEAghmRdDEKrcjAIRJhCmAdERSdsWBha9ELMD
33=ABbLAbEDCBDxN12BCgD4AoQACTGhIC/ZGwgSSyG2IcAXmdrEBgHaEVQx+BHmAYgQZCKAAG
34=8QPgDPAAdCGQDg2MgIESoQJjIAAKsCghG72AwBAG4xpwKvAAcB7xOOEOUSGAAKAIAAxwAI
35=GD4gUNaVBRCyEKIAASDcCJwRTNYtARHwIe4QcBBbAA851RHmFAYUiRGgEPUjpwCvEDYDrx
36=lJEV8RIBCV28gIE0UAiRDGFGfjwwbbzQUQoAFrEKAlKSFDEPNKaxQHEBggdgEJEIMBxgAj
37=EXQTaSDiGZMU8CmgBDkAGyJ3AQkQPRWAQyEAXhWiETIUliKnIbkiOwAKIQkh0RGANNEkzw
38=AaEAwzThMjEFAS1hIrFd8V+BnMAKEk9yCAEIgAkRF9FZkQXBDnEUkADgA7Ie4AUiApFSoT
39=fBDHK5YRpxCjJN0lvBCYENwSWRJpFWAgISCAEZYQCAC0JbognBOANKIRaCJNJQgg7CCyRP
40=EWKiOoEs4ichRJIKUwriOZAmcQrgAjAFAQkBLzIBA2BwA5IxQWgBLKEighvBQhEMoQEhEh
41=EL4gWxCgEAEQoiCeEachgBNIE1USzTHpADpE8BA4Kzol4zN4IpoUABBaAIAQrxTKISgAIR
42=D5F6UxYBEOFqlBGCe7FH4QKzvkEN0hLRBEEmYwuBSVETkSwhcjIlYxmSUuEksm6BKAN/gR
43=AgCAIgcg9BJ2EHcRVxCAHIUjCgA6JL4QgBFGIGpGvBDoMK4RjCBYEMMrwiA9E9wxCCQAEb
44=ASvBPmEfIgzwA9Eu4gPiPHFRgjFiWqMlJFgBBXQQAQ9BH5Ed8lYCDQJEokVSRRNE8g4RBB
45=ERYgKCCQIegRMyPtIUgilxOKNjsR0kY0NwARXREnEjwwZwJnEZYyogBNNaI3VxDfNCEQwB
46=UAE2oRvCCvIzAhgCExEN4QiSJ2EokhUjKhI+g52BYREVUQGCEyMgowgDb5OX8S5xAHESsQ
47=9iEAIBwXABAbE5kRfiHIIA4qEBW5ELkhXCHSI+EyABGiKY4k2xCcKd8gBCXQFislkRGZEE
48=USqykJ/gAQ/4H/gA==

[Base]
042=WEAP,6798
031=APWR,6930
026=TSLA,7061
030=APWR,7054
041=SILO,7320
040=SILO,7448
024=TSLA,7442
025=APWR,7316
039=SILO,7576
028=WEAP,7559
007=APWR,7434
029=APWR,7437
023=APWR,7696
022=TSLA,7828
034=TSLA,7829
016=APWR,7809
014=APWR,7820
035=TSLA,7958
010=TSLA,8079
019=TSLA,8083
015=TSLA,8195
006=WEAP,8212
021=APWR,8203
008=APWR,8206
004=WEAP,8337
036=SILO,8472
037=SILO,8600
017=TSLA,8593
011=APWR,8580
001=BARR,8715
002=POWR,8718
009=TSLA,8724
038=SILO,8856
000=POWR,8840
018=APWR,8720
005=FIX,8725
012=TSLA,8965
020=TSLA,8981
003=PROC,9090
013=PROC,9094
027=PROC,9098
032=PROC,9102
033=PROC,9106
Count=43
Player=BadGuy

[UNITS]
0=Multi1,MCV,256,8442,0,Sleep,None

[STRUCTURES]
0=BadGuy,FACT,256,3076,0,kil2,0,0
1=BadGuy,APWR,256,6657,0,None,0,0
2=BadGuy,APWR,256,7045,0,None,0,1
3=BadGuy,APWR,256,7049,0,None,0,1
4=GoodGuy,BRL3,256,7399,0,None,0,0
5=GoodGuy,BRL3,1,7400,0,None,0,0
6=GoodGuy,BRL3,1,7401,0,kil1,0,0
7=BadGuy,FACF,256,7170,0,CYs,1,0
8=GoodGuy,BRL3,256,7527,0,None,0,0
9=GoodGuy,BRL3,1,7528,0,None,0,0
10=GoodGuy,BRL3,256,7655,0,None,0,0
11=GoodGuy,BRL3,1,7656,0,None,0,0
12=BadGuy,FTUR,256,7704,0,None,1,0
13=GoodGuy,BRL3,256,7783,0,None,0,0
14=GoodGuy,BRL3,1,7784,0,None,0,0
15=BadGuy,TSLA,256,7956,0,None,1,1
16=BadGuy,FACF,256,7943,0,CYs,1,0
17=BadGuy,FACF,256,8196,0,CYs,1,0
18=BadGuy,TSLA,256,8328,0,1-?,0,0
19=GoodGuy,BRL3,256,8551,0,None,0,0
20=GoodGuy,BRL3,1,8552,0,None,0,0
21=GoodGuy,BRL3,256,8679,0,None,0,0
22=GoodGuy,BRL3,1,8680,0,None,0,0
23=BadGuy,FACF,256,8449,0,CYs,1,0
24=BadGuy,FTUR,256,8728,0,None,1,0
25=GoodGuy,BRL3,256,8807,0,None,0,0
26=GoodGuy,BRL3,1,8808,0,None,0,0
27=GoodGuy,BRL3,256,8935,0,None,0,0
28=GoodGuy,BRL3,1,8936,0,None,0,0
29=GoodGuy,BRL3,1,8937,0,kil1,0,0
30=BadGuy,TSLA,256,8973,0,1-?,1,0
31=BadGuy,TSLA,256,8980,0,None,1,1
32=BadGuy,TSLA,256,9237,0,None,1,0

[BadGuy]
[BadGuy]
Credits=100
Cost=0.15
GroundSpeed=1.1
BuildTime=0.7
TechLevel=99
IQ=3
Color=8
Allies=GoodGuy

[Multi1]
[Multi1]
Credits=100
TechLevel=15
Country=5
Allies=Multi2

[Ukraine]
[Ukraine]
Country=5

[USSR]
[USSR]
Country=5

[Multi2]
[Multi2]
Credits=100
TechLevel=15
Allies=Multi1

[Trigs]
[Trigs]
5a?=0,2,0,1,27,-1,5,0,-1,0,7,6,-1,-1,7,6,-1,-1
debug=0,2,0,0,0,-1,0,0,-1,0,16,-1,-1,-1,0,-1,-1,-1
1+?=0,2,0,0,27,-1,1,0,-1,0,12,-1,7,-1,0,-1,-1,-1
CYs=1,2,0,0,7,-1,0,0,-1,0,28,-1,-1,4,0,-1,-1,-1
2p=0,13,0,1,19,-1,11,0,-1,0,28,-1,-1,1,11,-1,-1,3
lose=0,2,0,1,14,-1,0,0,-1,0,2,-1,-1,-244,11,-1,-1,1
afk=0,2,0,1,13,-1,3,0,-1,0,32,-1,-1,-1,11,-1,-1,4
kil3=0,2,0,0,9,-1,13,0,-1,0,32,-1,-1,-1,0,-1,-1,-1
gnk1a=0,2,0,0,13,-1,121,0,-1,0,7,6,-1,-1,0,-1,-1,-1
def3=0,2,0,1,32,-1,21,0,-1,0,22,-1,22,-1,22,-1,26,-1
tim=0,2,0,1,13,-1,1,0,-1,0,25,-1,-1,199,11,-1,-1,2
depo=0,9,0,0,27,-1,1,0,-1,0,0,-1,-1,-1,0,-1,-1,-1
auto1=0,2,0,1,8,-1,0,0,-1,0,3,-1,-1,-247,30,-1,-1,0
air=0,12,2,1,19,-1,14,19,-1,16,28,-1,-1,5,4,5,-1,-1
win=0,2,0,1,0,-1,0,0,-1,0,1,-1,-1,-244,11,-1,-1,0
5?=0,2,0,1,27,-1,5,0,-1,0,5,3,-1,-1,5,4,-1,-1
kil1=0,2,0,0,27,-1,2,0,-1,0,32,-1,-1,-1,0,-1,-1,-1
rev=0,2,0,0,13,-1,0,0,-1,0,18,-1,-1,5,0,-1,-1,-1
kil2=0,9,0,0,27,-1,4,0,-1,0,32,-1,-1,-1,0,-1,-1,-1
gnk2a=0,2,0,0,13,-1,151,0,-1,0,7,6,-1,-1,0,-1,-1,-1
gnk2=0,2,0,0,13,-1,150,0,-1,0,7,6,-1,-1,0,-1,-1,-1
gnk1=0,2,0,0,13,-1,120,0,-1,0,7,6,-1,-1,0,-1,-1,-1
def2=0,2,0,1,0,-1,0,0,-1,0,4,12,-1,-1,4,8,-1,-1
1-?=0,2,1,0,13,-1,10,28,-1,1,32,-1,-1,-1,0,-1,-1,-1
fsale=0,9,1,0,29,-1,9,17,-1,0,22,-1,14,-1,0,-1,-1,-1
2+=0,12,0,0,19,-1,11,0,-1,0,28,-1,-1,2,0,-1,-1,-1
def1=0,9,0,1,0,-1,0,0,-1,0,4,11,-1,-1,4,2,-1,-1
auto2=0,2,0,0,13,-1,0,0,-1,0,13,-1,-1,-247,0,-1,-1,-1
los2=0,2,0,1,11,-1,12,0,-1,0,2,-1,-1,-244,11,-1,-1,1

[TeamTypes]
[TeamTypes]
scout5=9,4,25,1,1,-1,-1,1,E1:5,1,3:10
au1=9,20,7,1,0,-1,-1,1,E1:5,1,10:0
scout2=9,4,25,1,1,-1,-1,1,E1:5,1,3:13
au2=9,28,7,2,2,-1,-1,1,3TNK:3,1,3:15
au3=9,28,7,2,0,-1,-1,1,3TNK:3,1,3:16
chrg=9,16,95,2,0,17,-1,1,3TNK:15,1,11:14
rsh1=9,2,50,0,0,20,-1,1,3TNK:3,9,3:20,2:2,3:21,3:23,3:24,0:2,0:2,0:2,6:5
mcv2=12,0,7,0,0,18,-1,1,MCV:1,2,3:18,9:0
scout3=9,4,25,1,1,-1,-1,1,E1:5,1,3:12
nade2=9,3,35,1,2,-1,-1,2,E1:3,E2:5,5,16:6,0:7,0:7,0:7,6:1
nade=9,13,35,2,1,-1,-1,2,E1:3,E2:5,5,16:7,0:2,0:2,0:2,6:1
scout1=9,4,25,1,1,-1,-1,1,E1:5,1,3:14
scout4=9,4,25,1,1,-1,-1,1,E1:5,1,3:11
mcv=9,2,7,0,0,0,-1,1,MCV:1,2,3:0,9:0
[AI]
[AI]
AttackInterval=3
AttackDelay=5
PatrolScan=.016
CreditReserve=100
PathDelay=.01
OreNearScan=6
OreFarScan=48
AutocreateTime=0.2
InfantryReserve=3000
InfantryBaseMult=3
PowerSurplus=50
BaseSizeAdd=50
RefineryRatio=.16
RefineryLimit=4
BarracksRatio=.16
BarracksLimit=2
WarRatio=.1
WarLimit=2
DefenseRatio=.4
DefenseLimit=40
AARatio=.14
AALimit=10
TeslaRatio=.16
TeslaLimit=10
HelipadRatio=.12
HelipadLimit=5
AirstripRatio=.12
AirstripLimit=5
CompEasyBonus=yes
Paranoid=yes
PowerEmergency=75%

[TSLA]
Cost=1500

[BRL3]
[BRL3]
Primary=Nike
Strength=500
Explodes=yes
Armor=concrete
[AP]
[AP]
Spread=3
Wall=yes
Wood=yes
Verses=30%,75%,75%,100%,0%
Explosion=4
InfDeath=3
[Fire]
[Fire]
Spread=8
Wood=yes
Verses=90%,100%,60%,25%,500%
Explosion=3
InfDeath=4
[FACF]
[FACF]
Image=FACT
Owner=allies
TechLevel=1
Strength=1000
Armor=heavy
Cost=10000
Sight=4
Power=-2
Points=15
Bib=yes
Capturable=true
BaseNormal=no
[DOME]
[DOME]
TechLevel=-1
[General]
[General]
Crush=4.5
[GoodGuy]
[GoodGuy]
Allies=BadGuy
[CellTriggers]
[CellTriggers]
7582=GNK1
