
[Basic]
Name=[2] WAR tank
Author=Unknown
Percent=0
GameMode=standard
HomeCell=98
InitTime=10000
Official=no
EndOfGame=no
FreeRadar=no
MaxPlayer=2
MinPlayer=1
AltHomeCell=99
CarryOverCap=0
NewINIFormat=4
CarryOverMoney=0.000000
MultiplayerOnly=1

[General]
QuakeChance=1%
QuakeDamage=1%
VortexChance=1%
VortexDamage=1
VortexRange=1
VortexSpeed=1
BailCount=20
GoldValue=40
GemValue=80
GrowthRate=0.3
OreSpreads=no

[Base]
Count=0
Player=USSR

[Map]
Theater=TEMPERATE
X=1
Y=1
Width=126
Height=126

[AutoAllyWaypoints]
0=A
1=A
2=A
3=A
4=B
5=B
6=B
7=B

[Waypoints]
2=1081
0=1081
3=1081
1=1081
4=14023
7=14023
6=14023
5=14023

[MapPack]
1=3wMAIIH//gEB/4vhAOEA//+MAIwAiAAIMAGDjACLAAKBigACgYkAAoGIAAIQJuEqARBIED
2=zJJgEQFBBIMBjRJgFQIhByyWwBUE7tHAEw0FA6164BMO6DqACoIGrJ9gDNogEQCIGpAAJQ
3=NlCeEBRQEFBIUMJQzs1kATAYUF4QCNGGAVA6zRgCMHLh6AHJ3AFQPlAYULhQussKAssVA8
4=kkAsnYAsk8AnB4hP//2QAQAslaAssaA9F0As8WA81gA1AYcYYQcFDYUsjJSAPJpAPR6AJQ
5=MIOgAKDYCQNwAYOjAKPMLwMwFFEEg54AniAIEP7+VgD/EFoQchDKgYgicFDYUjYQoIGmAA
6=LVEAMxGIKTABACcsrpBgTPHgVRkv9gAEwEEGTJsARw6M3GBN2MBc32BIGhAAL3cgWCjwAQ
7=AoGdIAL/WgBQBTPiMFpRANXeBOMkBv+6APwF/bUHzfYGgacAAoGlAAL1vgcSlHKO/1oAVA
8=f/SgBWCIOQAJD/UQD7B8mmBP5QAP//TACqB1EAyaIJgv//EQSBlv9FAK8J/1gAVAn/TABW
9=CjMCEAqDlwCXIPgxAIOWAJkAAvkKCVgAV17+RgD/MFT+SgD/zfgKgZZA9P9SABAL/0YAWg
10=v/SACoC4GaINyBpAACgaoAAnAYUQAQAXXK+x4MepT/QgCsDP2oDIGaIdiBmgAC0/IMeb7/
11=RgASDc3EAv96AGgNgaQANhD4UQAT6BD8zV4OcQAYDvkIB3EA/koA//moDoGkIPjJ/gjJ9g
12=4aMhvOd8D/SgAUD/9QAFwP9RIJfSJwmM/6D1/819IE/3oALgr/QgCoENGqATDwcPhfdP+S
13=ABYK+6gNyeYRXa7JXBDJ1AL9FBL/nABSCsFYA9fyEv5IAP/vVBMx3tVWFFCu/0QAVhOD4Q
14=CSAALL9hP9FA7/QgBEC8n6E3yWy5oV/0QAVBMQXP+OAPIUgZorfHCMgZrUvQL/RgBiDYHh
15=xPcFy5oWd/r+RgD/46gSV5hbfM16F89aEP/WAKwWW3zNehjRQhj/QgCuF8v4Cf9aAAAW36
16=wYXYIVfIGrAAKBrAACw0QE1QIZ//4ArBjxqBV9isnYEXcCWu7+TAD/5VIac4qBpyD8EQQ9
17=lNEUEDCu8a4az9IRz/Qa/QQbc7A9aFTA4V4bHJDJhhvVAgfvXBDN4hpQSMNABXAc9wYJVL
18=QwPhAK51AcW5hccM16Hf2YCc/gGs/oG/9IAP4cEEIw/oGawrsEEMDrWh3PeB7VlBTX3AzL
19=ShzZVhCB4SR8w/wLNILzFhFQRlEAUE7fWBAwIMXMBlAs18wG0ewQEeLdPh3TVh9xAIA4BQ
20=Aggf8AAYaoAKgApgAQCu0NAIKPABACh///pACkAJcAAoGlAAKBoQACgeEAAoL//xAGEAgw
21=AVAMMBZwAstiAHAQyZkAyXYAgdlAWoHZIAIQeoGaAAKBpwACEAgQAjDQgabMcwDJkAAQDI
22=OSAJIgEoKdABACEFbxCwEwRtFGANF6AHAUzdwA0eIA05wAy7ABUYJRAFHQ16YBUGbJ+gAQ
23=/jFQ7Q4CMEZQhoOgAKAABhECcQTTngDV4gHnkAEwRNk+ANvcATA4ULT/SgAIAhBe4dQC7X
24=oB1aQB00AB31gDUQCDnwCf0G0AyVoAUa6BYgACzeoDgaMAAoGpAAIwhlB4UQj3XATPngLP
25=dgIwHtVAAtl+BBAGgZMAAsn+A9cGBNOQBDAIz0AEgaHISwPRFAV0wPtaBFBCEHpx0OdOA1
26=EAg54AntQFBdWEBM2MA4OQAJAhCIGLAAIVeDFU94QFEFSBYUJ6MARyhM+uBvVABFUAzQIG
27=23oFEJrJYAXPQAZyVN1yAt1+A83oANN+B+NABdfoBlAy4woGz1gAU3xwIDdS1aoF73QDd5
28=zPJgb3PgZVAO0CCFDIcIJUfN1MCO9uA8kIAVQ40eQAgeHSRQfZhAJxAHEC94IFEHyDiQCK
29=AAJRgudoCd+CCM2gB8sICeVACM2gClUAzVIC62IHMBzNRgrpbgnfgAhVAsu4Csl6C93GCt
30=GaCnEA11QJ5QwI6QYG0+QKzzoMVfxzBFRAzZoHVQbVSgrV5gvJ/AvzDAznlAfdggvfhgpy
31=ANGWDc3IDNeGDTASEP5QGhcC/0YAXAPJsAztcgjPag5y+MukDM+0DN1cDlE8y/AMyfwN6w
32=oKy+wAy0IN9WwDy2YIzZ4J3agN104P1+QMUBzj1APN2A/rsA+BjAACEpqBiAAC4XQOECJz
33=/tdsDMuSDOUqDBgwcBLvBBA6ntGSB8tUDoL//xD4gYkAAsloEBmu4UQQy5wP1a4M1V4C2S
34=oQyfYQ71IE3x4BMCbB1AFxADAU6XAR7SIS28wOyZwRg5EAkdj5Ed+IEtU+EcvGEjEAzyoT
35=y/YQ08YSH2zThAzddA3hnhLN9hJaLvdQD9G4E88GEtVuE9nSEdfcENNGD83MEM+aD8n4DH
36=EA6X4SzeYO02IAcQDDxgOBlgACgZkAAoGqAALheBRVAN0sFYJjABAC16ICza4Ty/QUzQAK
37=5woG16oTMCR1WFBy3W4VydIU1WgB65AHy7AWMQxe+s/8FemCEtOyDMm4FstcFtvcCucODc
38=9IFTQs16gHzXoXz/QWPALheBXXoBPJrhXN0AsT8s8sCc8QGOEOF4Gv3HcTz8IYzaQIUY7P
39=/BflihjZZAhwFHxYyWYY2z4M28YWUQD5gAVZ/Ml0GckCB9OaFFAKNMjjzBlzVsXCBd1WAT
40=AWgQDSRxqBAMJBCYX//7EAsegnGdniGdH8Gd2MGcloFcHMARAMcRDJ4hJRAtViGtd4G9OU
41=GjACEP75tBnR8BrRBhjTpADLZhbDzAExAsHQA8miDMkAF8vwG8vIGtHIEIGOAAJRCsuUG9
42=mwGuPIHM3GC8sCGdVmAcnwDYGTQgTJDhwxAM8MHHEA15oYz4QbEQDTlBuBryIA48oc07IZ
43=zUQJ0QIa04QWx/YBUwTBzAOBmUD6WULN4hXByAEX8NfCHYHZIKqCcQBQAoF9IAKBcgACzZ
44=gdgQAAKoG0AALltB3PGgQRWlECcAEQpMtIHdviATAG0zoezUwXz2AeyYYegYJgAtGIHhAC
45=cBiB5ch9HxAa0RofMPQwBoGz0Lkfz+4egAUGACCB/wABhacApwClAAIQDIOaAJkAAhAOge
46=HOGQCF//+RAJEABoeSAJIApABqICaBnSAChf//nwCfAAaD4QCvIEYwBjAByyAAhXMAcwBx
47=YAKBgmACMBAQJIF9IAKBckACcCyB5ch9AFAey14AEHgQCDAGgbMgHsmgADBag+UA6AACcK
48=AwQof//5YAlgCaAALTEgAwJskuAIGkyDsAUQZQ+slWAMvcADEAcFgw0MsaAYGUAAIwClEA
49=yXoBybIAg+UAcGACyaoAUAKBcMqfANPsAHDiMQAQFIOeAJ5A8oP//9nIiQGBjyACEQCBow
50=ACgaYAAjAqEP7LegAQfHACy2YByYgBga0APoGtzoUBzxoAEAKBACAugbRgEOe8ATAwMQCC
51=//8wxs/6AXABENbJzgBQIs0uAlEqg+oA6uBJAhL+yyABga1AAoHZQBDLoALNigMQKoG0IA
52=LPiANSIDAIMC7PugMQtoGNAAIQxskGA4WoAKgAiAACEAyDjACMANqBcAD6ELoyynHAEjxx
53=QFL40UYD05YC0RoAy7YDz5oDcBoSjhIEMAFxNjKkUkqBskEsUBwQKDAqUQCBkAACy/oDMa
54=iBiQACEQCBc9bRAdMwBIKhABACEEIwnhB8dFrRWgDNAgPdYgQxFhBaMi7RYgVQ9BEAM1rV
55=bgXL9gQRvslaAxOk0RgFECww/BFIgYoAAhQCEEgxADD6MKTLWAHZhgXjhAUwActaBlEIzZ
56=YGgbJBAtdsBTDG3fwFc0zNJAJxADB+dgDXTwfhYATVkAaBTcirBoGTIApQ/HMEcAjR2gPL
57=5gbL9gYxvs3kBzBGUEzJZgcy/skMCMlGB80GA89iB9toB4L//8uSBIMAAE4AFBaYUFrLtA
58=XNZgdz+t/aBtf+BzLE0dIIy/QCyToF70wH21oJy2gI16kJySIC414EgdnKMQkwwOfMCRL+
59=Vi5QQNl2CVZigakAAttwCddiCTiYMfxQBPO+CckmA8s+CeXQClEAEAI3LjUGUNBxvHDS62
60=gKzwoL1a4J42YH0eQLcQA4xOvCC8s4C8uUCc2uCxD8ESRROOV0C82cCc+0CMmSC9kIDIFt
61=IALL2AyBkwACy/4L7cILMQDdDA1RAHM4cQTxfgvJuAfXkA3LwgoxAMvEDVEAzUYI/1AAEA
62=4wYFMAUQDJOArhhAzLfA3JuArjDA7NwgoQ/sv8DevIDnAw28IKUGBRABByUQBQEOOEDjD0
63=y6wMUA4ejoGXAALTFgDRTg9xANEECeGAB+XSCjNewQQAgaoAAlDc4XgP2ZoNcQgQHO/GDx
64=3EMFTdAhD9IBHLYhCBbgACUd4QhNWAEIGu0B0QyUIPy4oRV85wzMk4D1EyyaARcQDDRgDv
65=MBHlwgoQ+oOZAJgAAoGWzLMR2XwR05YQ2eILPtLLBBHTrAvFKgH7/BHlJBLJYhKBliKmgZ
66=bECwBTEPVUB8/sEYPhAKAAAs+eD1YUcFrDLgHX/gjvxgnRxA3RMhQRAMMMAtt8E+uYE1JM
67=y9AT1bIIPwLT/BPxiBTtuA4zCtumCekcFMv4D808FdF6Fcn4FDE2y+QTcAbdvgv3iBXRhh
68=UfgOWSC3Ck1fgP14AVyzIJEQBzutHgFd0IEMkUF91qFtt0CdMgF8m0EM96F8k0CskEE9Fc
69=BTAGy/gWxxYCdDQQEOVeBt2MDecYF+lkFnICyWwNEQBQGNWsDFICyf4XywoX1Y4PzegRz0
70=IY2W4X4R4Q08QNySAW094XUQCBqwACNmLTRBhQTtf6CdHeGN1qBtfaGdNAGvuAGNW0C3EA
71=gZbGBwDVnBp+AM0EGstIF9tyGtXeGNneGOt0Gs2mGdGyFlZ4EBA32nEAza4NUAzX+g7dfg
72=nDlAjFlAjNhhfdegrfchvPChjhRhtQNBEAyUAL1VocWQLJAhzfXhuD//8kYPpUCuFYG91E
73=GNuMGtvaFXveVgwxAHI2MCI1EFCuUQDJzhHXDR6B2gAegdrEpwYQSNOQG9tYHeFwG8sIHM
74=20BdtUHTAuMQDdphrRxhbVEh7JIh8QAf9EAIoa5Xob5UYfyTwdxd4E1RAcycIWgDAEACCB
75=/wABhJ8AnwAQCNULAILaAMskAIHhzDMAgdkAPlAEUAZQARAgyVQAgdnOMwDJYADJOgDNYA
76=DXqQAwLIHZyMkAy4AAz7QAhP//jwAQAjAQ3QQA0RwA03IAy1IAy+oAy24A2RABy24BMAjV
77=dAGD2QCkAAKBlwACgaUAAsnKANPYARAyMAJxAIOeAJ7iBwGBAAA2zywBcPRxeMtMANV2AI
78=P//3XWBwLhcAEwAdfCAXDs0eQCgZAAAu/+AcssAss+AtFgAtVeA914At/SADAmgZMgAhAo
79=gaEAAt/OAfXwAgD5yCoEyy4CgdrIQwLTcADZYgPXggPNmgPRTABQ/jEAgaHknQAQAYORAJ
80=H2/QPNMgThSgPNkgHfpABRAtVUARABg5IAkmAk68oEcQDfzAXPKAXRMAT/RgBSBNFkAHZg
81=zVwC98AFEDr9/gXJOgbTYAXPXgfVTgHdggNw/sluBnEA7cYEUQAQON0EAdkmBzEC2V4G72
82=wG044E0WoGMMbvxAY1OOX+B4FV2CkI44AG82oIzZQDz6IBc8bjAAnT8Aj5BAfb2gn7ZAlT
83=9NFiCjAaEQDJXAjh0AkYMoGqAAJwovUGCjAazbAF/04AUgrNYgnJYAmD2QCjAAKBiwACgY
84=oAAoGJAAKBpgAC79QKg+EAoAAC+wwL20gJ+WgKce7NQgLRvgvffgw4+stcCP9aAAgMga1K
85=jPtqDNOUDfNkDREAgWnIYwyDqACo4M8L1TAK3UIN10gL44AJy2IOyaAM9bwNPfzN+g3lCA
86=Xzbg75aA7Zigr/QgDADoKdABAC/loA//1iD9lkEPNiEHb8/2QA/g/7ZAz/VACgD34078gG
87=/1AAbhDjQhLRpA73YA7L9A//kgACEhegwcoC37wR/0YAvg7l0An/cAAsE99gFPViEsnABv
88=0CFN2iEO++FBrUx8oD/2IAohT/XAACE/G+FVEA3wgW9b4VycAK8wIWg5oAmAACwcYCgZb/
89=UQChFT7U4QQX/0YAvhaC///dCA3JLheBmQACgZoAAnEAgZZErv9MAEwXx8YD36IRFDAQlt
90=dGGNXkE+n+FxBmEPhRAH2G/04ARBh3nsUEBdmgGP9EAMAY4wIRUQDRSANyrM2kGYGkAKLb
91=Qhffghlx7tGuGXAw6QQVHQTL/Bkx2hLS0yAYPzJzNs86GoHZQERTGlGc20IY0+YZyQIaza
92=wagdnIUxsxADCWMQDLThvVZBrJ+BqDpwCnYtpT0hAIEEQy7M8mG82oCMkEHMk6GDA2UQDf
93=0huBliD+cQCBmiAmVHDRMhjH+AvVSBzPfByBmiA2zfwbcdzNFhzfSAPJBB3HpAtwntXMHF
94=DWEBAQIHDSUDIQEs2mHNFUHcsCHckMHcsUHDBCcQDVaAbnTAbhVAbVSB3NgB1w0lAyEQLL
95=bh7hdADNcB7N6B37ZAv+yQD/gf+ADQYAIIEA/oEAAIEBIAMgCVAC0XAAUBjOiwBwEc3KAN
96=B0AFAZydoAgwECAzAJggIDMALI7gBgCHAayAwBMCFQERATyUMBAB9AATBvyTEByNQAgwED
97=BMrdAIIEBXAkIAogmiAkIBowLiAmME9QPxATycMBcPIgaWAdIEZAikEZz5YAYFvP8QDmWw
98=CBAcgnAcvXAIIEBRCMggECMQDPSAJwyVFX7isCEDkhA2DwzccCgwMEBSArMIfYvQKBAkCq
99=61cAAOWBBVA3MPDQEwMQBjCH1ogDAKdAqugtA+EnAlEA1JAAy50A7ykD5TMEYuXVigTQ6A
100=L/RgA2BHMA8CcC/0MAOgQyAQAtYyX+bgAAIgFAfDR1/0sAMgXfOwJg8hSsYw/cuQP/RAAx
101=BskvAXDV4KUDVcr7NAclWYEFyQEE5YUG/0QArwYgfFN2yRkB4aUD/0QArQc2kTN1Qvw1CP
102=9mAIsFyRABEIYlmSIS/mgAAGfhaPnJvwH+RAAA4IwIOCAgKf9OAIcJ5CsIyXcB7qUE1sYJ
103=UtDj2QTnBAjbqgpwBOaKCElWMQD4BgvJKgHpggsadRmhdwb2vQc6lSAI7EgIQTb4hAoQPG
104=JK6YIMQ+8ANvkCCxA8ZkrIAQ3dBgR1B/wuBhHD0MIM4tcDEjHj/gxy3MzVDRJFfNXiAg3K
105=uQBSBdjVDULayvkGz24KzigO1oUOyNcObVzYSww3qmew0OIIFr7Q5ALKzA7JzgrJxApMAd
106=uEDkeyQa/MRwosWRbGymcDQ9rIfQR9inCCBAQRstqjBCAjycQOymsPQGjN1Q4Sk1Aszh8P
107=eURTANvMDD3KDcwuMss5CyL/X2TKpAZIYDFkyqMPQzAgBRH53QQKQ1kwB8rIEMiBD8xGEE
108=BlECLKHxDJWQFQENxLDERZQ2BQulBiWMXLRREx+ECByKAQIEBAm0CdyEELyisQUdrIZRHL
109=wg4wysh0C2GDMFtgZMkgEWAeYAfL+gTJrhBRe3VdyvMIyiwQQIjIwhBADjXpETpxQUB9EE
110=bIqRBhNMnWD8xyCkAJUUXJBBPNhA/I8BHNIRLIUhLLfRJhSch2DFshE6QQKnE9UKjLyA5h
111=QmMDzaASydATIHxDgFuRyF8BUQARvsliEmG8ya8R054GzRoSyW4NMGbG+wPM5wBh1zNCUA
112=hQf8k+FNuTAALnyqQTyMUTM/xFhsjcAcmSE1OpypUTcSpBstRDCkEmT+cxSXAvyvwKUdPJ
113=axAxAcW6AcgLFXV6dW7VoAYkgxAyVAHKMw7JYRVg6mAMyy0HU/TPQhXQ2ADJwRTMjRTLdA
114=UYRck4FMmPE8swEGB8cR7iOwrKoxXIXBZF+8x+DlSmzsETYaLQPxDU2ADJJhZ2lX34b/3M
115=xxHMwhXIdBXIvxDNLhHNRhHSzBfK8hU5sTbYdrXItBXSxBTR0gDIMBfTfA1E8Mi3F1AJMp
116=dggEF9zpkXyIgUyOgP0XAGz1UXydIPcE1lenD2coPRHRhWkB07wtcB0s4U0rcWZg/MOxhM
117=i8mXFWYgzJ8YMCsTLcnvGM3HCnE7ynEPRqjKFxnJ+xjMaw7TwBRyIcv+C3bXVI/LdBDLDh
118=fMcwPIBwlwQc8fAjBANcLNhQXKRBrL0w/JfwrI8RLJ9xdm2clnE8/WGEBBEywABcoIBswE
119=Gs5HGMpPEc/eF8xKDchnF81uFjMsWrLMuxrKgADJBRLJ0hLInhrIOhvIzA3LNRTJ3hh7BM
120=1qFsmpAMh2Es3NFVAEUBJbT0fZySQcecfKURbC9wsjMMwVGWAuaRpWLMjAEHEnEAjMgxzN
121=dArJKBPJ4hw3LMrJG8iyGWj1HXJ5hVN+dkVSSsiBB8sFFH22ygAdTMnJyRnIXh12NnIlXG
122=rJERQAAUV2zH8KyEQLIuTERwzLcBoxBMlfHcjwEFAEggYHchdFXlEAQA9IdnaHyXEIyPgd
123=yUkMELfD+AvPHhJQJjBfggkKz64AyI4bTvzNmRx49FRmzmgUyhwdUCAlmDLQRulJW8kIE8
124=prF1/9y0QXbBc06QD6EIXJOhvHNgFQdocBAgUGBwgJANGBBAAJMBZSYMpeD1GFO/pBd4B8
125=BgAgiQAAAgMCAwAAASACggABAAYAARAQEBYQFYECMArKKAAQHo8FBgcICQMEBQQFCgsMAA
126=EADoQICQoLIBaDAQMEIBmCBgdQLxBXgwABBBAMggIDAAcAVhBvYE0wAlAQECUgBYICAwBI
127=UC1QMCBDgwYHCiALggcIMGQQXwAGgQ8QjBCNQI+BACCQIHAgA4EJUKCBBSBjUJ0ArEB5UA
128=cQLkACALAwEEA+IAUAWyDVUTYgpXEfIBcAj4EBAJCCDQ4QcDADgQ5QoIEIYDIhbxABMYcw
129=QAArIRMwFYIFBnA+gQ0gQ4ENYShBp0E5MQgAFxE4YI8AcAEqQSRgoRFaYA5Q9yAKEaMg8y
130=ClhAIDCgsAsSC0zE0BUDpCMxI7QA3IqgBgLsiLASC4QI8BWiCzIelRZUDCIAWEAQIQEUFm
131=cMHJsQJiuXCLyCQAIF0gXFCAMHliASBxgQkizWGjyBcBMInM1wJxb2M1cH/NKAAgGxFvMB
132=1RiDIBEV8B1oMODA0xpjA0YgFRic1VA0NVUXBTYwAEMC5x/1GkYTwgKEFcUOrIYgBApCN2
133=EAFAKMlSA0L3QPcw/DA1A0zKpwBgWUHwUjVxAWBfECNBZVF2UKDOpwNhcMiuBEC6y1YEYY
134=FQMFEwcQFkjHMOyDkCQ//Q2wNQ9szbBAJQzqgEyC4EySsFIAcy48otAyCtYyNhLlAnVSvO
135=UANQnNBVBcnuBGGvFYrNpAVwDgKyQoPLUwRhIXDPycYF0VEDcl1VXHBFQMxyWHPnAIImM8
136=jPBCYtMQJh8cyuA85TBsxeBlFxEtpiX8kMBc0jBshKBiSqURzP0gVhZdVWB0GLQKgQezKF
137=QZHPqgJhGFFARBmCAADQOAdAps89B3DYcoEgS2L/y7cCctBik2BbdfcggsxjB3OHyKwAYa
138=/MPATLfgVEzXTQyCkIYA00JTD6zRcHJMjI6wVwglTlcBUQJ3RtyycGdbVjLmXccsZXs89B
139=CHFrIDQowydty1MIVv8AzMiTBsjmBmBvd18n21EAz9AFV3tRAXYbZ57IkQdRACLRcR7I3w
140=nIRARhKECoyoYAywkJYWRBKxAmMObLEAhVYCEbzSsEUcbIUwrIJAgnt9PRBMrgBDBGNMNn
141=d2IwyIwAz9cHyOkJyd0FycwEzG4KUzLMvgpoyc+9CUgBcbnLigXIIghRhM5sCsy3C8mfCt
142=AtA8mSB2djyusIyqUGyyUFU9zJIAvKZgfPNwtmr2tvz0IKOsLNWQJ0gMhEC8rRC2KLUBjM
143=iAtwx866B3fbVB/PCAzPUALOSwzMTgzMrwvJJA1FtdEfDSIaYGpzbmCA2FUHyooHyVAL0r
144=4FzT0IMQBch8vtDMjmC8oZDs41DVYT0k4MzNsCzYUKEA7LggXI8gfSIw7LMA1SuVEsz5QH
145=yd8NOMvJ2A4yekr/1WsM0zMMyCYMelLQBQ/I8woibc5wCzQZ11sHz1ELzsMKVqLRTwvMQw
146=zKvgvQIwTgwQXMLgTJIQrVhA/NZwXKdQvSaQzWFQ/SswvMEhDQVgTTiRDb/Q/aXxDUng3P
147=ORHSOgrJRxHaghDRvQpS+CQ935ARPsjS5xHJggbjCBLIOQTU4xHOVAsraMxUBed2Ec8UEG
148=2/44oRRhvPpARxANLoEtKiEXRx2wEQyVkIyPgP0kET1mUSzhEIe0LbARLKNA19dNTrEtbk
149=Ec/aB2dn4gMSZ93WYxPEGwLN7g3cPRTfNBTJSBDJ/gHM7BRNAOMCE8zuDN8+FGFjRn3VIB
150=XXZBLYWAfhlxRiNdPhEGSX5DQU2bIQ1xsWxYUA0AUVx3UE4YMSfeX+RwAAxmwC7QMW/kgA
151=AEh50mYW/mMAAFh56gQV/kwAADB57YMV/0kABBf/hAD6F9hjE/BJGeuxGGp5/0cAshjYYx
152=HatBntTBr/SACyGVWb/0gAARnL1gHnpxrXTBvY4hDVwRTpBBtvFNM9EsRiCNA6B9flG9No
153=FNWdG0Cu0WgVEHhLns7sDdlkGdBnHNZhEcj7A87THMb9C8NkBOXXGdHmHNjhEcV9CspjHM
154=mfBSntxWgLxGcC1SEcxOQIz3EOw9UC0OMVxvwJcelXscglB8kXHCAkw+YMzesdEKYgy8bP
155=AckdHMklHs5zCUSJwx0GUXrH5gTBFAJRjzINyyUeQG3GugEwAkncMDFgDyBmyMAezMkMyH
156=AIYIDNIBERI8mmHkBtEFgQCYEFwp8G16cYyT0f/oIAAIEAgA==

[TERRAIN]
154=T11
290=TC02
420=T13
341=TC04
476=T06
359=TC04
1415=T03
1672=TC02
1664=TC05
1795=TC03
1928=TC03
1908=TC04
2267=MINE
2342=T02
2343=T01
2469=T02
2471=T03
2716=MINE
2722=MINE
2689=T03
2867=MINE
2872=MINE
2757=TC03
2981=MINE
3038=MINE
3050=MINE
3224=MINE
3233=MINE
3145=T03
3158=TC01
3300=MINE
3194=TC02
3379=MINE
3383=MINE
3264=T05
3414=T15
3605=MINE
3569=TC04
4002=T16
4007=T15
4033=T15
3907=TC04
4038=T15
4303=MINE
4389=T17
4390=T16
4483=T10
4630=T05
4631=T01
4760=T14
4739=TC05
5023=MINE
4967=TC01
4995=T06
4904=TC05
4996=TC04
5326=MINE
5344=MINE
5249=T01
5225=TC05
5377=TC01
5585=MINE
5633=T01
5843=MINE
5852=MINE
6049=MINE
6055=MINE
6132=MINE
6136=MINE
6210=MINE
6142=T07
6042=TC04
6370=MINE
6434=MINE
6397=TC03
6455=TC02
6622=MINE
6772=MINE
6525=TC05
6821=MINE
6732=TC02
6780=TC03
6944=MINE
6908=T07
6909=TC01
6913=TC03
7104=MINE
6883=TC05
7036=T07
7037=T07
7042=T01
7169=TC01
7305=MINE
7240=TC05
7382=T14
7425=TC02
7473=TC03
7553=T01
7815=MINE
7711=T05
7848=MINE
7981=MINE
7896=T12
7964=T01
8057=T12
8060=T10
8089=T03
8099=T07
8188=TC04
8441=T13
8445=TC03
8328=TC04
8582=TC03
8605=T11
8882=MINE
8769=TC04
8953=TC02
9131=MINE
9170=T12
9171=T14
9304=MINE
9309=MINE
9210=TC03
9518=MINE
9374=TC05
9666=MINE
9799=MINE
9816=MINE
9821=MINE
9732=TC02
9860=TC01
10084=T01
10168=TC03
10426=TC05
10696=MINE
10819=MINE
10750=T06
10854=TC03
11123=MINE
11125=MINE
11009=TC02
11111=T10
11300=MINE
11378=MINE
11384=MINE
11265=TC01
11371=T11
11575=MINE
11606=MINE
11663=MINE
11740=MINE
11765=MINE
11815=MINE
11825=MINE
11751=TC03
11642=TC04
11779=TC01
11801=T17
12017=MINE
12021=MINE
11899=TC03
12043=MINE
11929=T06
12118=MINE
12007=TC02
12026=T10
12056=T13
12206=MINE
12402=MINE
12432=MINE
12509=MINE
12556=MINE
12580=T08
12435=TC05
12578=TC03
12708=T08
12581=T06
12710=T08
12476=TC05
12757=MINE
12789=MINE
12837=T08
12835=TC03
12929=T02
13064=MINE
13177=MINE
13151=T16
13028=TC04
13277=TC01
13278=T16
13279=T16
13454=MINE
13403=TC02
13406=T15
13459=T13
13411=TC05
13587=T12
13526=TC04
13982=T16
13986=T07
14249=MINE
14212=T17
14422=MINE
14334=T10
14636=MINE
14539=T11
14758=MINE
14669=TC02
14935=MINE
15067=MINE
15271=MINE
15180=T12
15316=MINE
15233=TC03
15432=MINE
15642=T02
15643=T14
15845=T08
15737=T13
15770=T12
15794=T06
15881=T02
15882=T03
15923=T12
15948=T06
15982=T14
16137=T08
15971=TC05

[OverlayPack]
1=ZAgAIIH//oYA/4QJCgoM/nsA/4YKDAkMDAr+eQD/gQkAgIUKCwsLCRAB1G4BgQtwLs6OAS
2=ASQBMQy9ZtAdONAYIKCQCBgQsBAjAg0o8BEBQQGkCmyecBzEICACLa1gEQIgFrgQxwpgB/
3=ggsMAYDKDALMDwIQL88PAtM9AtQKAWAhhAwKCgoAxsrhAoILCkA2zcMCUSQA1RAPAKrWVg
4=IwqQDLIbCBCtYLAQFDAWzIMgMAkQGC2ooAcYDbigMQXSGAggsMEWbUkwMAb4IJDMlUAgA2
5=gQrVkQFAIFEA2QsEESkwIoEJAtLVswMC6wEAylsEggwJyvgC0OQDQgCBC9oKBCArIFgCT9
6=ZaAwJsEG/K3AQSFtY5BAEdEU0yPdyKAIELEioA/wJQ1bIEAQABftmKBMzmBBNzIJ4QCAG8
7=2+oAEKET0xAs0jIFAXwCx+eJAANSQk0S5dePAVRNEQYQNBKt0HQBEMPVVALTjwURTmB13A
8=sBNcgAsBVUggcG0JMF7ooAAnVzdgM527UFIgCCBwUkZNFbBenzBgInEi2CBgVhABUl2jUF
9=AXcAB4IGCAMphQoLBwUF+EoBAcEQfgJ+gwsMBUGyEJHatAcUIwCAhQcLBwgFEIT4SwGNDA
10=sIBwoIBgcIBwYHBwDJRl4CYs55BQLPAvkU1zWihAkHDAcBBQE59+MHAAEReABWhQgHCAoI
11=ENWCBwYECQEWgggIy98GMSoDqACZJViCDAYhuungCMszCAFzhAkICwYBAIMJBQcAG4EMAQ
12=AAUgeoAlYDjyAMAxcESgELEHcAmALyAIIjAIYIBwwICAjQcgfSEAIQUso6CQBZhgYMCAwF
13=CBRFgwr/CQYBhf//CAYGABCGCQgFBgUFEAyDBQYHAAogTBCVEX0BCTBRhAcGCQsAPtDfCY
14=EFz/IJJI/KjQmFBQcKBgoFKQDIg/8FBwBuMDJHwAD5J0Mh9kKXIKJgAYIGBQMByQcKhQcI
15=DAcHAj6CCQkAshTGzbsIyRAJiwsLCAgKBQsIDAYGAe8wb1UAADwRAIH/EQIhfMxtBxAigg
16=j/AX+BBgEfggoHUFiGCgUJBQwIAJMANM2xBwBxyN4JE28BAAH+gQgCzIIGCQFpAG0ggIEJ
17=MoIZLRcJ0bMHICOJC/8IDAgGCAgFAE1hEYX/DAcFDAK6ggsFQU3JaAbIywqCCQcB+wEDAC
18=0EQABoALUCZyCAEnaBCAGQgQUAXYEIzzEEgwYMCgExJCISqRE7AM2BBQPBEqcCnwC9AFbN
19=tgjKBAwAoIcMCAkH/woIAEGBCAV3ggUGEAEkyIEJEnYRrSkHz7wLgQYEHhAjAU6ECwwGCQ
20=CkgQgAb4EFAQ4AswC0ggwI0KsCJjNwEYMHCQcApwD5AE0TwidGRskgOwBPhAUH/wcgZs5i
21=CgRzMBmEBwoKCALXIQMAAgFGAyEBkXIjyHwKyXgDgQUAOAP0A34BMIEHAP2BBwVJAARggB
22=yrE+bPMgcAHAE1MZcw5xIEIfIUyQKRQSciI8kdBMj6BYILCgU0FMqBBRgnALkAG3pLMQKB
23=BQBWJJbQ4gkAcgCBE2UQAwM5IfIjRlaMQiPKkAjIDQqDCAoHAcaCCgcEU87gBxC7AFCDDA
24=sFAR7PvAwQ2UMYIKoDxQGFBj8EQYIGB2JjAwHKdg1zJzg6AvuBByFlzt8GJXcQWRHUzCAP
25=ARIQ2UZ0MawDuRI7AwPPwA7LmQZqa4IGBgLgNlACaMyfDzC7IZrOuw2BCgP0An1SzAE8ET
26=8gjc0eD8x0DgXvEVUSrwB3A22BDANnE+PP3wYguxK00j0OAmOBBtAeEM5kEFMmdYAg1BK9
27=FzgmxhCN0PoFEB/RYhAhU4EJSf/+WwD/ELvUPQWBCgY3Q6r+cgD/IVPBhwHmewX+UgD/BK
28=j+TQD//3sA0hFTl+rzBgclgQcDTf5JAP8bSeUmEymZAgcZLnAXgQf6nRIVuuT2EzN/GwMF
29=QlC1AD0IyfnLAOd0ExN/H6QbIFE2AQzSnBIhLcr5Dv9BAGQSI38EwByERKIyCdHdCSEtyn
30=kP8wsVyfcOBnkBgBX9K7BBE9HbBBePz3QO2QQUzjoPyccOQBwJXYEMAbCBCh6CUC8GyACi
31=zOAVASEhLdFhFdHgBsJ2AgYY1TcRQBkKW8FzAsFSAhACEgqB/w1AAKLMTxIp088dD9U7BM
32=FbBsIoA9S3EQ7oyKACHFoKoBBzADE4Ec2RFhAaCBHhYhSBChPSAGCBCNKdFAoggQgLLYEL
33=cgQqFkc1ggsIAR0QooEHymEXEiMMWgpo4qQUwi4EwlgFz3oXABwA4shRE4EIAXkRqRCRGz
34=QTEcGnBMxiFwucC5XhmRUMixhQgQUOBtCnFxgmgwcLBckGDQeBApdFOxJoABwJE8wTGAAp
35=DUjf/hcOwgHLDAzB+APPJhYKhYIHCgrq0d4JLTQANi+qySoYCrcRpzKk3YcFwikFEVENQt
36=GLGABKEYLQqxYQNQE7DEzM4xYDzhDPCmLdZgcQKRIAE1QZodCKGYELEQHTvAcqoQCbAT3O
37=GgQCEstjGoIMB9EeEwE3wFcJgQYAYgDEb0rJwQ8B/cEoCdGIGRMOCJDPqRrDwgnMCAoQTd
38=ELCCGnFAQAAtErGQJh1PsUEv8QnM1hFx1UApHLYhuBCNNBGRECgQgGKgpW0VoFgQshG9VP
39=EsLTCNEqGBH9zN8bEejKBgtwxSjWABrQCRuDCgoGCG3XTxICH8QnC80vGs1hHBFEgQjieR
40=fJrxyBBxBh/kQA/yTh8IoAwekM/kQA/4EIFY0feNmEFNsyB/zgEsEgDNldCcLbCtEKHP5F
41=AP8EQ9tPEgKHMrX/VQAuHsOzCNmvHgF8ImrUJRb+QQD/DvXasgcbWYEMwDEN33kZ7c8fgH
42=wIACCB/yABggwLMAjVDQCLDP//CQv/BQcMDAn+JQL/iAcH/wYHCAYI/kkA/4UF/wkK/wBU
43=hv//CP8GCtwHAAABgwkLCwLVgwsMBv5GAP+NDAkMCwwMBwsKCgoMDAMN2zUDhAYKCgsAgQ
44=CAgv8K/0YAXQKOCQwJCwj/BQgFBgYFBwbdMACGCAkLCgwKA9SEDAkJ/wEz/kIA/4EKA/6C
45=/wsABgDWgQzdBgAkL4H/AH6CCv8Ahf9FAOEDggwHBHuIBggGCwgMBQbJMwOGCgcFCgoJzD
46=MDgQcQpoELAYOBCQGJgQX+RgD/ggkKAYOBDADWIN1wmQBkhAcGCAoB7clKAwD7gQkAKYEM
47=ABj+RgD/gQkAUgBTAIeBCsq0AxDggQwAFYEMAZ1gGYEIAJUBAwCyggn//0gAXwUA6xKEAl
48=nLGQSCBQcBAIEFApwGHWGAgwz/CgB5A6cBF/9eADAAEOSFCQkMDAoR63MBEhOBCwasArH/
49=XgBhBoMLCgUA6IYJCAkFBwVwgIEHAYAEsAO2ggr//0cA3wLWjwUEmgPvE5rI4QaBBQH5AQ
50=ARAv9HAOEE1qcGiQsFCAsMBQkGBsmyBAITgQYFtBKD/l8A/wHqgQkD6REHzjQEggUHEAHO
51=sAgAAv5KAP+BCwMAhwgJBgwICgbfMwQkMQGYAh7+SAD/AQAD/QQeBALi4QUQewEDgQr/Rw
52=D0CBdjgwcKCBHxFKPfNQSBBQKwgQwEsdGvBwdd0MoJAKzWTAkR/gL9Av8EAuDMCSYshQUJ
53=DAYFyMkFUICD/wYGA68W68scBQdy1V8IhAwKBwcAgoIHBwPucDkA4ADOFbTNywqECgULBg
54=ZFELDNSwkY4RUwzOAFABYV88n4CRiGQA8ACwDTzcwKBnwQ3gBLzLAFEE6BCAWvBJXPYQeC
55=CgsFthfgyzMKgwUF/wbhc0cgpwkL2RAGBvgDkYEHAmzN4AUBywMDAAYRIMzkCYMHBgcEN8
56=wxBQHfJ+JXS4MMBQoIBSCH11cKEuUBXwEayxIMggkKCUCBBSDMgQbLkgwQgQCYBzjL+AkR
57=wQlzAJoxywFSAEeBBRLH16oJJfsSABoCy7IFED4UsM/JCIEJMPuCCAbLuQwCXgIrEAWBDA
58=BWggsKCF0B2ADa0zoNGKMQW4EGCq8A5AGnypMNhAkKCAsLQwWb0ZYFAgLOJwsAaREwAAQY
59=1wGgAIMSq80SC2HGE44BtBd/GzUAVMo6DoEIA6gTtcuTDQUSARIGRYMIBgbOeg0CSAAzOO
60=USeIMICwcTKNSsBxLcArQGhIEMCJWBBxmIyTULMsIABMkRDhktAasrts/4CQAsHM0bzAAG
61=gQUB+9ekCip2GHkYAhKzAUDI4w6CCwUbwQJOzJMLgQkDlAAXgggI0swKEEQRAgpSggcFET
62=vWpgok3oQFBwkFBY8AaIEGAbTK+Q4BvjvGzJcKgQoCGBG51S4AHU+BBQyAAB7OeA0ZfnJg
63=AgAQ/CJOILbLzwiBCA3AgggIEUPKAQyEBwoJCBIsAl/UzAoiSQGnyzcPJOIRuEPoFPcCAY
64=IHBQOvgQoGmtZhB8nfEAR6gwgLBh60gQYBPddMCQD5CGnNsQYTNgFUQeccCgLfARMXls4S
65=C9QqBxMoETIQBOC0AsohEREYAXVQOAAIgQcEsoUJBgsLCNgREczjDQHcEi+BBwAFVlv14Q
66=UD3IEIAi0sAXHlFvEnqgAVFCMdoFAeFvYUFBLiET1RFu13CUCyGEQsD8peERJeE94Iqgqz
67=BMMAg3AbAfyDCwUKATYCikBHElTpGhIQ0lA7AALNdQkAlhHmAjAbsgBlUrMyRYIGDApFgw
68=UMBwtLyMwSzsMEy+QLzJYKALBYF9CQECDPEWIQiALIyJoSF60mVRCiUJcU5hKP06UTzvkK
69=IBTokhEGxspHDgP8wK0CG0tQWSzZPN0953FTEBPPnBIAU9Q5DtI3E3DaAGoR7jpHydAUEH
70=URFQOYBaCBBcDUAzcqIC3RFQMFoualEsg6FSr8gQkAYRbZzb4TAyiBCgU4AP6BBUf21F8G
71=E1fm+QnLkhUUfCM3zDgMHt0bZIMFBQkKCQAGwlUE1JEQQzEmnxA26JYR1VsWEZqCCQrAwQ
72=TA1AQRCwfPEf7T0BUViACdF3gZxs2vENrpEdYoBwf9gwoMBwUeCziBBgVSwdsD1FEVAPQa
73=d8LWBcPWAuRbFtfKCQJ+FLYFnyh7gQcaHQN71CEUO/XA1QYH/sLeBtheF8rjDtZLCSStFJ
74=cL8yuIEGJkZ8+WDyKzgQjA3wMNFhRm2GsXy7UG1qkRGfWCBQUVuYEIBp4NaBRo1AcYEr0Y
75=ggD9J4gyidQKGMhDFgJc1QgYNq0Dmwj9O/0WL9lRFQIxwK0DgQcJqxv/FLjTLAjKwhTVBx
76=glqsBcAoEHEIkMuyL/0BEPzGYJFR8YfhEu0wYZyTUY0jcVXBUQR4EIDJUW3zP/FZTO6Rhh
77=E8HeBAt/gQgK5IEHECgBP9c4GGK40XYKTX+BCcBHCQBfgQUI0TnP0Q4Odo8dLRDRH88RVw
78=M/02QZyHsUEYHUiBoBTAuXJxeCCAkKpiYUyzUaEH1RkxUvAScULgKyFSgBEMthD8/zFBCN
79=z8MLcYMGe4H/BHyCCAsL/CAtymYbwtgExkcFJB0o3RUJwaULIAjN3RbLWBYVKtYOEBstC7
80=ID0YEGJHkZ18kMHMJWC3b4wy4DgQUBCB0HZGhp7C0YIRTJmBsQF9fPFcHGBgDHDKMsgBYT
81=GG3EJAURgGCSFy0XTBF3IdNaTsGOCiG+M9PIehPC1QIW6dabEiZYGAURI8HCCxlGMoYfM8
82=LVBHPMFwAr0MnoGxhZJT0hbBDAzWIaE7LlqxIUkyJCMd0uG8lJEs2RC8i4ExZQH0sAo/iG
83=B8iXFzGc6QseG/7/YgBeCP4lAf+B/4A=
