
[Basic]
NewINIFormat=4
Name=[4] Ribbon (2vs2)
Author=ND
Intro=<none>
Brief=<none>
Win=<none>
Lose=<none>
Action=<none>
ToCarryOver=no
ToInherit=no
TimerInherit=no
EndOfGame=no
CivEvac=no
Theme=No theme
CarryOverMoney=0
CarryOverCap=0
NoSpyPlane=no
SkipScore=no
OneTimeOnly=no
SkipMapSelect=no
TruckCrate=no
FillSilos=yes
Percent=0
Player=USSR
MaxPlayer=4
MinPlayer=1
GameMode=standard

[Map]
Theater=TEMPERATE
X=1
Y=32
Width=126
Height=64

[Waypoints]
98=4193
2=7715
6=7772
0=7843
4=7900
3=8355
7=8412
1=8483
5=8540
25=14636
33=14650
41=14664
49=14678
27=14768
35=14782
43=14796
51=14810
26=15024
34=15038
42=15052
50=15066
24=15149
32=15163
40=15177
48=15191
21=15525
29=15539
37=15553
45=15567
23=15657
31=15671
39=15685
47=15699
22=15913
30=15927
38=15941
46=15955
20=16038
28=16052
36=16066
44=16080

[MapPack]
1=CQAAIIH//v4f/4H/gAICACCE//8BAP/6AAIAgf8AAf8KAwIAgTAAAoEf3A8EgUkAAoNKAD
2=n/kQBtA4U5AE4AT94PBIMfADIAAv9CAPQDEAL/igA2BBD8EAL9zASBEwACEBLfEwYxAv+E
3=ADgFUPwQAuESBoMoACj/QwDzBf+GADIG7cAG2+wGgRIgAucQB/9+ADYH8bwHEAGDAAAnAA
4=L/SAD2B/92ADoI9bgIEAEQ/v9OAPQI/24APgn5tAn/WgDsCf9mAEIK/bAK/1YA7AjJ5gv/
5=WgBKC/9EAKwL/14A7ArLQguBSwAC/0QAVAwQ+BAI/0QArAz/ZgDsDBABgnUAEAL9UAwx9D
6=BM/0QArA3/YADsC81MDvlIC3LwUEz+RgD//2YA8A2F///mAOZATO9eD82oDHBM/kIA//9y
7=APAP614Q0agM/0wApBD/ZgDwDtGiEd9mEdWoDP/CAKQQ32IS2agM/8oApBLTahPdqAz/xg
8=CkEc9mFIFMAAKBTQAC3agN/84ApBNxBMl8Ffs8Fv+0AMYV/3YALhff8BSBAP9FAKcX/5gA
9=WBfd8BbrDxnXEBj/mAFYGN3wF+EeGs0iG9FDG4PpAOn/SQCnGv9MAFgb/fAZ/ygBMBv+mA
10=D//04A8Bp0AIK1ANNIHoP//7D6QR3/UABIHv9OAPAZMQSDrgCu1KEeg7UAsAAC9Wge/1QA
11=RB/N8B6A6QEAIIT//wEAMAKBEiAC7w8Ahf//rgCuAAaF//+1ALXSRwD1YwD/VABEAIMAAC
12=cAAlD0EBL/QgACAP6sAP8Q/v9kAfQAg+cA5/9JAEEC/0wAWAP/aADwAP+YAFgD6fACMTDP
13=MgThNASD5gDm/0kApwT/TABYBf9CAPAE4zIE/5gAWAXp8AP/1AAcBv9EAPAC/3AAgAf/TA
14=GkB/9EAPAD/0QAgAmFQABAAD8AAoE9AAKBPAAC/5gAiAjN4gn/RAAwChD8zXgK2YQK/8wA
15=pAhQ/INAADlghlEA1YgL/8gApAnRcAzhfAz/fgCkCv9GACIN2WwN3YAN/8AApA3haA7ZhA
16=7/fACkDP0gD+lkD9WID/+4AKQO8WAQ0YwQ/7AApAsQ8oGAAAL1YBHNkBEQTN2ECuvGEf9a
17=APYRUfIxAPdiEsmUElEA/0QAqBL/XADwEflcEfFwD/+MALwT/1wATBT/TgCgFP9SAPIU/2
18=QASBX/SACkFf9QAPAU/2wARBb/RACoFv9MAPAW/3QAQBf/QgCsF/9GAPIX/3wAPBj5sBj/
19=RADwF/+EADgZ9bQZ1/AZgwEALgACgQrcDxuBOwAC/4gAOBrNuBqBQQAC3RAbgTQAAnA69f
20=4a/4oAOhswAoEG/0UAxxv/8gAKHf8CAv4cgGAAACCE//9hAP/6AAIA/lgQ/9n2AP9UAFYR
21=/pAA/zCm0/QA/1QAVhL+kAD/UKzJUBP/XABOE/6QAP//CANWE//qAF4Sy7IX/2IASBj+kA
22=D//xwEVhLLUB3/1gFyG/63AP+B/4BPAQAggQD+BhIAgQHg9hH/TADNEcxjEoMCAwHMiBKE
23=AgMCA/5HAAAATM2IEhBg3lgSgQX/RQCaEgBqggQF3lIS0xkS/0IAGxPVYRPMhROCAQLUyB
24=P7nRPX3xPLBBTXXxT5HRTZXRTLhBSDBgcI2MAU86EU2tsUzQMV1gYU9R0V3FkV6HYU8Z8V
25=39cV6fcUcILhGRIAJN9WFux2FWAm3igWAEmCAQLf1hbu9hVQJtsnFhF444UX73cWVDTXrx
26=dR9uIZEvH4FkBa0zEYcnTjGRLveRdwWs+zGMlVFuLTGPb4F9EvGctVFv9gAFMYzbEZzVUW
27=/2IA0xjJoxbPVRb/ZABTGWCC0NQW/2YA0xn/QQCTG/9BAHoa+hUc/0UA+Br4lxz/NAF4G+
28=MoFuMsHvL4HP5MAADpeR0cLmAE3zYW4Sgf6PgdhQEEBQYHUATcUh7mox9Qc4BJAQAggQAg
29=AYIBAjAI0Q0AhgIDAAAKC3AE2TEA6CIAyQYAgwMEBf5wAADKhQCDBgcI/nAAAMsFAdkGAM
30=l7Af9MAIgB73oAEd7/SAAKAvL4AP9LAK0B/7QAeAH/TAAsA/9FAXgCgQFAAv92AMUDgwEC
31=AzACzawF/2UAVAQAfoEEIAmCBAXMwgX/ZADTBGB+0D4G/2IAUwXKtwbOwAb/YADTBc41B8
32=xCB/9eAFMG0rMHysQH/1wA0wbWMQjIRgj/WABTB4MBAQLZsAhQggBM4dMI7fkHEPqBBdsw
33=CTCCzkIG/0QAYwjarwjYuAf/RgDfCOonCuRQCud5Ce6lCuHSCub4CfIjC99UC+R4CvahC9
34=7WC+H5CvofDNtYDOB4C/9BAJ0M2doMzAUNz2UN/0UAGw3YXA3K5w0EtswIDv9IAJoNEOsl
35=Fs4JDv6FEQCBAIA=

[TERRAIN]
4614=TC03
4633=TC02
4708=TC02
4710=TC03
4728=TC03
4763=TC02
4834=TC02
4893=TC02
4960=TC02
5023=TC02
5086=TC02
5153=TC02
5212=TC02
5283=TC02
5338=TC02
5413=TC02
5464=TC02
5543=TC02
5590=TC02
5673=TC02
5716=TC02
5802=TC02
5805=TC02
5840=TC02
5843=TC02
5935=TC02
5966=TC02
6065=TC02
6092=TC02
6195=TC02
6218=TC02
6325=TC02
6344=TC02
6455=TC02
6470=TC02
6585=TC02
6596=TC02
6715=TC02
6722=TC02
6975=T16
6976=T01
6977=T01
9279=T16
9280=T16
9281=T01
11654=TC03
11768=TC03

[OverlayPack]
1=hgAAIIH//gcT/4EMMAHIBxP+TAD/yg0TMAje+RL/SgAYE86LE+R1E/9GAJoT0gkU5PcT/0
2=MAHRTkiBTX4RT8nhT/QgDhFPYiFUA//IoU9ZsU7/QV1YwV8SIWzJkW+mcV8KMWzxgX/x8C
3=6Rb+gAD//4ACCBf/FAEIGf5IAP/1ZBz+SAD//5wB5B2AggAAIIH/QAGBDDABygcA/kgA/8
4=4LANAZAP+AAQgA/oAA/9GIATCn8vEBz5gC8GkB/2wCnAL+gAD//xoDiAL8ogj/RwDhBfPY
5=Bf9IAF4I9rAB/0UA3wn30AX/RABeCv9ZAMkF/6MA+wr+RAD/9+IL/kgA//NkDP5MAP//og
6=BmBf73Ef+B/4A=

[Base]
Count=0
Player=USSR

[AutoAllyWaypoints]
0=A
1=A
2=A
3=A
4=B
5=B
6=B
7=B

