
[Basic]
NewINIFormat=3
Name=[4] T-Dawg by NN (Autoally)
GameMode=standard
MaxPlayer=4
MinPlayer=1

[General]
OreSpreads=no

[AutoAllyWaypoints]
0=A
1=B
2=A
3=B
4=A
5=B
6=A
7=B
8=A

[Map]
Theater=JUNGLE
X=1
Y=1
Width=126
Height=84

[Waypoints]
98=129
4=3849
5=3958
2=3977
3=4086
0=6281
1=6390
6=6409
7=6518
99=7740

[MapPack]
1=QwEAIIH//gEB/4IBAP/6AAIB/34B/gCBHEAC/+IAhAKBTNJlBFEA02YE/2gAmgPThAT/TA
2=COBIFeAALtaASBWwAC/1YAJgTJ8AXd/gSBW/9DAJUFgUUAAvHOAINbAFT/VQAnBc3yBf9g
3=AHgG9WIGgVT/dQAlB/+KAIYH/6oCmgfbfgP/VABiCt9+A/9cANgK02wF1RQF/0QAYgvrNA
4=z/XgDUC8/aBtG2DHc2/0IAYgztMg3/XADUDOfYDVc2/WIN7zAO/1AA1A3zzA7vmg79TA/z
5=JA7/WACqD/8ABFoPhfoA+gD7IAKB/PLbE1BAgfrmYxT/jgLME/8ABFoQg0oASiAygen02R
6=rvWhv/kADMGYFKALwQAoFU9GUa7Vwc/44AzBv+cgD//1gAJB2DSgBLYAL/nAAwHf9aACQe
7=cFgQAv6aAP/vJh+AbgAAIIH//iMT/4VUAOcAPsgnE/6YAP//WAAkE8vME4FF/6cAMxP/Sg
8=AyFIVUAFQAAUACgUXm2RRwjvPaFO9aFfMkFf9aAQIVMDb12BbvWhf/jgPMFoX6APoA+wAC
9=g/oA/PLbGu9aG/+OAswa/6YBWhmACwEAIIH/4AAAhVQAVAABQAKBRQAC4QAAcDbnMAD9TA
10=DzJAD/IgICAIFAyM0CgUMAAuv+Av1iAu8wA+ueA+uqAhBYg0MAPso1BIEIIALLNgSBQAAC
11=+9ICyZoD6zQE/1wA1AEQAsu8BNW0BP3QBMkkBes0Bf9gANQEzTIGMI7VLAb/RABiBes0Bv
12=9wANQF20IH/1QAYgb/WgBAB/+KAIYHycwD//QApgf/AAGaB/+KAJoJ+5oI9dgD/2gAJAvN
13=pgXLvgXNyATzpgvNpgTJsAXNugXRxAT3MAzTZgxQAuP+C/mcDNOgBeF2DP9YACQNzfIM7a
14=gG/7gAMA7REA7P/g3/7gAOD/8EBf4O/v0K/4H/gAkAACCB//7+H/+B/4DyAQAggQD+vwEA
15=ggEC/nIAAIMBAQBAAoQDAwQFUAwAAvP/AcyBAt9hAoMDAwJAAoQGBgcIUAyCAgPgjwJgZ2
16=BucD8gQ97LAgAk1jMDgQPYMgNAu1BpUHDvOwPYEgPZMQPfygPk5QP3sgPkSgLcbQTZkwT4
17=kwT/RADEA/9FAM0DzuwEzMAB57IEzsAB6+0EU+SCBAXJigLhMQUAKs8fBu1qBVMsA+PJxQ
18=LfMQaBAQAs0J4G6+oF130D3bIF0TIHM9TjbAZEANFSBxBB3bEG07EHIE7p7APX0QfxMgdA
19=TultBP9TAJkH/0EA7Ab8LQjqbAb/lwCZCIICAtnBAQPs0jEK/0cAZgmGAwQDBQUF2HgHgQ
20=QEdNKyCujnCdjmB4YGBwYICAjX+QoAIIEH0zEL6OcH/wYBkgjSbAz/ZQCtB9nmC/UuDP9H
21=AOYLEBUKutp5DdKxDepmDNiTB4EFF1nYsw3WLg7uZwjk7A3nWgLn6Qf6RQL/QwD8Dtd4A/
22=esD/9UAJMP/loJAMJVBv5PAADmlRkP4sHVBv9NAO0P6hIa22cN2bEN160a/0cAZw0QyNmy
23=DNUuG+nmDf9UABIM/0sAZg3ysQz/rABmG/++AJIJ1LAd/0YA5xzgrQrUMB7/RgBnHeAtC9
24=OwHu9mHP96AJgH2WYf/1IALgiACQEAIIEAzgAAggIDIAeBAc8AACAbQB/SNwDXLQAgTtkx
25=AONcABAb0RkA3qYAMBXZsgDi3QDgrgDSmADYEgDPPQHXZwEQG90xANaYAevqAIQDBAUBAA
26=ogAoECMAhAe9wyAWA5AA6BAkBCULTi7QFQLYICAzACAFEwCoICBN1oADAcQDmBAgA5QAsg
27=OeVqAM3sAoMGBwjZBgPQBgHTGwPragDzeQP4kwPlYwPZEgRCZ/T6A/9CAMYD3WwE6e0A/3
28=kAmQPcTQTZbAXxkgVj5jOq3swEc+AwBVQdyGIC2RkGID1QPhA3Q+ZTqlOs2lEEQ+AEHHQd
29=c+fimAZACtdSA/5cAAD/bQAIB/4dGACBAIA=

[OverlayPack]
1=bgYAIIH//jID/4kJCgoMCgwJ/wlgAYT/CwoLABKBDPH/AoYKCQkKDAsAPAAFAAuCCwveYA
2=OCCwsAbwAoyTsDggwMAJPfTAODDAkLAHAAMYMJCwwACYIMCgCAgQoQeCDEAEPhjwOBDAAz
3=ggwMyrkDgQkAf4IKCQBO3RQEEOUAPwDEAAuCCwkAbYILDBCTggoJAQkAEoEL4EsEESUQMc
4=g7BIEMAUTiDwQQKQEFADwheABtAH4AuxGAAMMAHd/MA4EJEMQQ9ci8BBHCgQvfkQQAJgB1
5=AOQAwhELAG0h9gCCAQAAfhBY4WEDELvLOwUR2N+SBQAmAXYA7YEJAYIB+hBOABWBCwLPEt
6=QBhN8RBQKvAIDKOQUCVwHR4JEEAeMQbhGAEbEQgBKBAHgQV4EJA0TfzAT4sgYyOoEKAIAA
7=wQAK2ZEGEKAArhDVgQwA3ROmUYAQRwMxEfMTUgLPEhQA10IgABgAMiOrAGTbjwYBPxL3Mt
8=gj2MnnAzLVE94ARkBgE6kAYyDNEKIgixABQCAA2gCuIC4S0QBFYhkQFzCoEEURCRN3IZIg
9=ZhEXcQAQcxAjAGoAI2RgAHgAPQKAFHNBAAG8ERMwORA2EBYgZgAbcNQUqCP2AKUQIwFdAK
10=4CiyEAFBIgcEBHJVYggCIbISUgKDKxEVsAIBFqNP9RABKgQIBAIskrBjAoAFATdxGuEK8Q
11=WxL/JRNQLBGRINUgaWFHEIsQuxHaFUgAahCFAFpmIDAWIUQA7yJEQ4AQKRBIFAojsgFCA3
12=UxZgAJcpMAQxUkEBARihANUYAmbhEwNUUCCxJ+UGcQFRH3MXARC3HUABA1YwCVJMURTgBf
13=IQARuXWAMX4iVQAKEK1RYBHVJrEUwyXGEIsBLmMgFw0QUzEJcYAiLyFTMbIAChBDQS0ict
14=/MBfiyChF0M/YAuHFS1lkFI+ghLSK5UhkRMSZEIBYB+Cc7UE4A4hHVMGYRoXNU0QcLATkV
15=/xE4EVFxLBNzAKZTmiKuUWAT3xW4JJkXTxQKU6ASUDWOElIUHHLUUBoSmABIIYAT0UStIB
16=NjgBC9MxohLlMAEH8AMhQFMOwzzmKAFH9jUxNdyeULFIFDJSP3I39CgBCTcqwTGDMANSRT
17=mxKVEY0UwBXOEwAXAFOAENoQgiDEEHLIkAgAVULtErkTdzGsMy0RC2CAFyAQ30A3ErBlAC
18=PfEH8QGSQAFJJQgBPzMgAQoELeU1RDYygBJIAVzSCTEZDIYwwgXzUtJUZjmyB3F0QQODPQ
19=EkIAaVCAI2Yk5iYBcucSYzBIEZgQuhbnEUREE2DlJbwpE0k3NS5BGRFgEQggxTULdGcYnR
20=BLNCsQAcllCBLwIO0hgTGARq03Lf5cAP8njUTTElL/XQCRCv5kAv93W/51AP/cYgf+YAD/
21=BPzhjwT+WAD/Ki0Zf/52AP8duSVJ/3YAwBE2mzZw/nQA/3cQ4EsF/lQA/8PJAwcA/3gA/g
22=4ncjo8/nYA/xf8ejH+cwD/yY4H/nUA/3kv/jgD/8G2BzXLHNDIYw3C0wg+LcP4CVPrLxgH
23=e8JGBcHvBx+AHqJmkD8PbtN4IyBRPu0dIxAkAH8d3zfPGFF/AE5oIJrIDQYe0sIGBsMMCh
24=gGEArGSgjCjAfD8go+UsgQCsNvBT7TP3cdnzBbwtQJyGQIwSkHPvUtLWVqHXTDwgkhFh1f
25=EEvC/ATFzwtAjhAXPWfH6AY/Y8OMBB2AwQ0JTuYYTMgRGxbbw1kKIX5QGyAyALIu6MEcDM
26=B1BR5NbyDCVQcx0x9cyOMIMQ4/AC5HQInDoAfLjAUguT+8wowJf4AQjQBFwUALQDPBvwfG
27=jwnDHAg/UzAYf9TGYAnBiwjC8gsfAD8iIkxwgC9cMBoQqxKEYmAgKBE4MeDCMgRuTsEMBc
28=E0DEBmxIQHURvEnggSiCKkIhLDhggQtXdPGd9CmsLVCMYqCME1DREywu4ML/nC9gRiO8Om
29=DTA5EsXGSgfCCQ3C8gXEIwz/fwC/EcWuDcJyBMMxBMhBEyL9MpojGMdKDMIdDgD1whsMIC
30=PCSA1qEMLWDcSgDcI0CnIAIjtCGsNiDhItUeZCE8YUB8IMCDxoEY168MEdDMKKDRLPAb0k
31=RcYrC8WzB8NRDhOOyOYdQuMU0sN8DhB+NBMS0ciQHhEaw1gHFHAQVWUAwtcNM1vBbw0Qk8
32=eOCMLIBzRmwlQJyQ8cxD8Kw/8HEICAOwIAIJH/CQkLCQsLCf///woLCQoJDBAKIAGFCgoJ
33=CQwAHBALACKDCwkJQBuDCwsMACeDCf8JADGBDAAMggkKACyDDAsKAAggAYQJDAoMEEoQCw
34=BdEEZQVBBrAAEgXoQLCwoLACSECQoMDAA/EB2BDBBaQEUQLABEAFgACxAHAANAgIEKAAGE
35=CwwK/xATAHUAHQBzAIuBCkA7AJIAFCA5AB0ALCCLMJsAVDDTMDoAUiAuIHYAqoEJAC9gLA
36=CBACYgx4EMAK4Q6EEAARoAuyEhEHcAC4EJAM0gWCBbAI4g3BDwACBw1BC7MKgACYIJDBFt
37=AIAQJSFmEJJgrBC6AHcQEADNAH4gJSBgESqBCgAWAAkA+gFQEEIAFWAgEJgQDiCXAQxg1A
38=BkMGMALwFsYBn+egD/EIYBJ4EJAM8QkhGT3JMCAC4AM4ELAOgSRAFRgQkgC+H8ARGNIpAS
39=WzLtEcIR0iHPAWffzAICCxK0AEQArxHrEYsAVXI71lQDAKwRs4EMIuwAxgBtAaISIhATMk
40=7fEgMARhLfEP0SuwILAAZDxdvPAxL9EDIQ9gIBAAkSCRDPE88jK2Os2JoDMsUkOCG0gf8T
41=iQCX4BIDIewB7SFuEDIABxBGFEQSxuAQBBNqEzJAMRMYAQcRgeCSBBB/Ae0zGRNdAUoRxE
42=JEJBPdzwMkVYEMIrEBRRSzM6HgkQMj7iU8EjAQMhITEMoRHBAS30wFIUMAgBEGFIICswAK
43=EQPfzQQRbgDnIMQQNf4AGv+B/4A=

[Base]
Count=0
Player=USSR
