[Basic]
NewINIFormat=4
Name=[8] v7 ore/gems
MaxPlayer=8
MinPlayer=1
GameMode=standard

[Base]
Count=0
Player=USSR

[Map]
Theater=TEMPERATE
X=1
Y=32
Width=126
Height=64

[Waypoints]
0=7813
1=8325
2=7818
3=8330
4=7930
5=7925
6=8437
7=8442
98=4097

[MapPack]
1=EAAAIIH//gEB//78AAD/Ah7+AIAGAQAggf/+TwD/gmEAMAL+TgD//1YAUAD+UgD//1oApg
2=D/pACmAP9eAKgB/6AAqAH/YgCqAv+cAKoC/2YArAP/mACsA/9qAK4E/5QArgT/bgCwBf+Q
3=ALAF/3IAsgb/jACyBv92ALQH/4gAtAf/egC2CP+EALYI/34AuAn/gAC4Cf+CALgJ/3wAOg
4=v/hgC2CP94ADgM/4oAtAf/dAA2Df+OALIG/3AANA7/kgCwBf9yAEYF/5AAtAT/aAAwEP+a
5=AKwD/2YALhD/nACsAv9oAMoR/poA//8AAcwS/2IALBT/AAQuFP4ABP/jzhj/VgBUAf+oAK
6=oX/1oAUgD/pACsHf9UAMgR51Af71YfgAsBACCB/+oAAIRhAGEA4Q4A3zAA7wAA4VYA/1IA
7=VADxwAD/VADQAONUAf9gAM4A/gAE//+gAM4B/4YAzgD+egD///4Ezgb/VABSAP9wAL4M/f
8=QM/2QA0Az/lAAyDVCa/2YA0A3/kAA0Dv9sADAP/5IAMA//cAAyEP+OADIQ/3QANBH/igA0
9=Ef94ADYS/4YANhL/fAA4E/+CADgT/4AAOhT/fgC8FP+EADgT/3oAuhX/iAA2Ev92ALgW/4
10=wANBH/cgC2F/+QADIQ/24AtBj/lAAwD/9qALIZ/5gALg7/ZgCwGv+aAC4O/2QArBv/nACu
11=G/9iAKgc/6AArBz/XgCmHf+kAKod/1oApB7/WgCoHoAjAAAggv///nwAAP9+AAAAEID/gA
12=B+AP5+AAD/BB3+AP79AP+B/4AWAAAggQD+gAAA/n4AAf8CD38A/v4PAIEAgCIAACCBAP4A
13=EACBAfoBEPwAEIEB/f8P/b4Q/4IOfxD+fgAAgQCA

[OverlayPack]
1=bwMAIIH//gAQ/4wFBgYIBggF/wgIBgUQCIcGBwcHBgf/AAsAEQAehAgHBQgABBArgQkgAU
2=AHQA3JMhBQIWAryC8QzCsQYAjObxDSYhAgVACghgUIBwf/BwAIAKYgBoH/EA6FBgcFBQgA
3=qhC8gQgACRAtAAgAFjDCggYHAAiBBgAkgQgAIwDvABwANwAdggUIAFYA7hBJgQYAOwDrgf
4=8QD4MIBv8RDgBsAHEAJgBncNPeMhDKURD/RQBgECD+EPIQ6wDKAbEApQCYAOshCBD+gQUQ
5=GoEHAO0AASAxACUA8RHCACIQ8TDfARkA74EHER+BBwEAAAUAEIII/wFaAD8CCAAYgQUAIB
6=EhERYBUyIoz0MR1zsRILEwDv9DAGARIM0BiiG5APMAkiC+AN8RAACjEOoQ9gDwEBsSzhA1
7=ABsByQDOIBIRQDDnADAB4CFDEUAS6YEHACgQ/wAwETYAICBvEA4wy+woEmIE/0EAYBIjpA
8=DpAZYA/wAEALsTkxHrAMgBDgG4AcMQqhLMEgkB5wAoEQICwhAgAOAS+AAPE+cQHQJKADcA
9=JRBOESgTXhA6gQYAFwAHEV0SNlHJ7igTQQL8YBMxxwC7EpgDyhGzEpoh6QAQAhoRyiDMA+
10=wR/QHoAvYB8yQIENAQ8gFEIj0QLBHZE0wAG/6CAP8T1AHKEagkvAHQAAsBwQDT0FUR6DAU
11=ylIR8WgURHcBOAFAATYhQySAEogQqRNAAB0wHAJsNIsgxkR3FYsTrhNgABMQRxGBE5ciaB
12=D4IbwS3QApEBkU5SPc0icS6bIVcQLv6BXWaBUQ7RM1MkAUgBJaJE3WahU0cQAwI1cWqwOJ
13=RMAWaROAICIAXgIOAAfXZxXXsxbYmhft6BbYFxgWZBUsIg0DjjZzAA7YGBgEkhSlFI8Xxi
14=LvAQhFgBH4EkcAEhahEiDclxjPtxfjlxj/RADvFyDQEsgQyAKwGT83c9plFRElJY8VsgXP
15=EO4gQBaSAhkBUxNoFAYTWP+eAJkYGXMWhxEKAK8pittKGiHYGVEUOieIJ5D4fxpwwOWXGt
16=HtGfcAGxP6JoD/dwD+FOu7Gv68Af/iwRfMnx3+TAD/gQkjrBoh368dI+HgLR7r+R0auxRw
17=3y8eGHUFSv9PAFgeINAA3N+vHiAjgQn/TwBXHkVfgQjf1x6BCTr25tcegNgCACCB/+EAAI
18=QJCAgJIAeBBhAH2wgAgQcwKt4vAOl4AIkJBgUIBf8FBwggXduIAIYFBgf/BQXfLgDqeQCE
19=BwcHCACE4a0AggcFECz/TwBXAHAB5oUB/mIC/yJm/3sA1QGJBggHBf8GBggI/0QAaAHMAA
20=X/UgAXBNICBQA7gQUwAcyABd6bBIIHCAAmBRWDCAYHAQiBB9/DBIcGBQcGBgX/FMowZxAH
21=gQb1/wRkZubRAf9OAGkFggcIIL+BBgAvgQcACIEF38cFAPgAAgEHADIACAA/EBH/tAD/BQ
22=HwEL4B0YEHAQAR0QaZAAIBzdeaB4H/EiWBBwD4BpwCPQEAEAgAaNQBB9hHB8ilAXEA20QH
23=yA4I5HEH2JUHAPsA/THBEwAAAwAKANDXmggQUQD6AvAQL4EFQgAHq9f/BzDP0DYI2DII0U
24=MJyTgF6m0IMQIA6gGpE+mDBwUIBO0AFgAPgQgD9YIGBhHAABECCRILAN0Q2wPZA+cS5wMf
25=IhMAHwkUEBsCIwD1AA4jCAEK1/4FylsJ9iUJzmUHz28J/oAA/9iBCUKE9iMKID4RdiOpBX
26=4CcAGfAYMBqwF92fwFyREIEe8CCRIKA/ogUhX2GpAB0AIVABol3RQTFRER3wHzELzTiAvj
27=dgljh/IlCzangf8AjgKiBnkCrgAPNKwgqyLA3YALMEgQigDaEQEDwwABgQgmzgLIEsUQEB
28=BnJhYm4AEkzCEM9ugLQQLtKAw1qQNhIKhEqQV4I58gDxGo334LYkgRPgDbETsT5ABXIlck
29=HQEYABqBCAFvEBQF288eC/joDGIE6CwNErYVk0ZxBZwADUV4Is8RBiSg4IENUFAQSwnuIv
30=IQARNAEukR9RcREBoADTYJ2oEOUAgAgOEBDsojDt8yDiKyMugClBHxAJMSByEHFbskCDBY
31=4oEOQ04R5hM7I+4URwFQEgkXygAUEBoo1NAnDv+ZAGgK/n4P/4H/gA==

